// Jest Snapshot v1, https://goo.gl/fbAQLP

exports[`validators behaviour pollution validation 1`] = `
Array [
  Array [
    "28",
    "079",
    "004",
    "01",
    "38",
    "02",
    "2020",
    "06",
    "24",
    "00004",
    "V",
    "00004",
    "V",
    "00004",
    "V",
    "00003",
    "V",
    "00004",
    "V",
    "00004",
    "V",
    "00004",
    "V",
    "00005",
    "V",
    "00006",
    "V",
    "00006",
    "V",
    "00004",
    "V",
    "00004",
    "V",
    "00000",
    "N",
    "00000",
    "N",
    "00000",
    "N",
    "00000",
    "N",
    "00000",
    "N",
    "00000",
    "N",
    "00000",
    "N",
    "00000",
    "N",
    "00000",
    "N",
    "00000",
    "N",
    "00000",
    "N",
    "00000",
    "N",
  ],
  Array [
    "28",
    "079",
    "004",
    "06",
    "48",
    "02",
    "2020",
    "06",
    "24",
    "000.1",
    "V",
    "000.1",
    "V",
    "000.1",
    "V",
    "000.1",
    "V",
    "000.1",
    "V",
    "000.1",
    "V",
    "000.1",
    "V",
    "000.2",
    "V",
    "000.3",
    "V",
    "000.3",
    "V",
    "000.2",
    "V",
    "000.2",
    "V",
    "00000",
    "N",
    "00000",
    "N",
    "00000",
    "N",
    "00000",
    "N",
    "00000",
    "N",
    "00000",
    "N",
    "00000",
    "N",
    "00000",
    "N",
    "00000",
    "N",
    "00000",
    "N",
    "00000",
    "N",
    "00000",
    "N",
  ],
  Array [
    "28",
    "079",
    "004",
    "07",
    "08",
    "02",
    "2020",
    "06",
    "24",
    "00001",
    "V",
    "00001",
    "V",
    "00001",
    "V",
    "00001",
    "V",
    "00001",
    "V",
    "00001",
    "V",
    "00002",
    "V",
    "00030",
    "V",
    "00054",
    "V",
    "00049",
    "V",
    "00021",
    "V",
    "00018",
    "V",
    "00000",
    "N",
    "00000",
    "N",
    "00000",
    "N",
    "00000",
    "N",
    "00000",
    "N",
    "00000",
    "N",
    "00000",
    "N",
    "00000",
    "N",
    "00000",
    "N",
    "00000",
    "N",
    "00000",
    "N",
    "00000",
    "N",
  ],
  Array [
    "28",
    "079",
    "004",
    "08",
    "08",
    "02",
    "2020",
    "06",
    "24",
    "00014",
    "V",
    "00011",
    "V",
    "00013",
    "V",
    "00009",
    "V",
    "00008",
    "V",
    "00011",
    "V",
    "00021",
    "V",
    "00064",
    "V",
    "00092",
    "V",
    "00083",
    "V",
    "00054",
    "V",
    "00050",
    "V",
    "00000",
    "N",
    "00000",
    "N",
    "00000",
    "N",
    "00000",
    "N",
    "00000",
    "N",
    "00000",
    "N",
    "00000",
    "N",
    "00000",
    "N",
    "00000",
    "N",
    "00000",
    "N",
    "00000",
    "N",
    "00000",
    "N",
  ],
  Array [
    "28",
    "079",
    "004",
    "12",
    "08",
    "02",
    "2020",
    "06",
    "24",
    "00015",
    "V",
    "00012",
    "V",
    "00015",
    "V",
    "00010",
    "V",
    "00009",
    "V",
    "00012",
    "V",
    "00025",
    "V",
    "00110",
    "V",
    "00175",
    "V",
    "00158",
    "V",
    "00086",
    "V",
    "00078",
    "V",
    "00000",
    "N",
    "00000",
    "N",
    "00000",
    "N",
    "00000",
    "N",
    "00000",
    "N",
    "00000",
    "N",
    "00000",
    "N",
    "00000",
    "N",
    "00000",
    "N",
    "00000",
    "N",
    "00000",
    "N",
    "00000",
    "N",
  ],
  Array [
    "28",
    "079",
    "008",
    "01",
    "38",
    "02",
    "2020",
    "06",
    "24",
    "00009",
    "V",
    "00009",
    "V",
    "00009",
    "V",
    "00009",
    "V",
    "00009",
    "V",
    "00009",
    "V",
    "00008",
    "V",
    "00008",
    "V",
    "00009",
    "V",
    "00009",
    "V",
    "00009",
    "V",
    "00009",
    "V",
    "00009",
    "V",
    "00009",
    "V",
    "00009",
    "V",
    "00009",
    "V",
    "00009",
    "V",
    "00000",
    "N",
    "00000",
    "N",
    "00000",
    "N",
    "00000",
    "N",
    "00000",
    "N",
    "00000",
    "N",
    "00000",
    "N",
  ],
  Array [
    "28",
    "079",
    "008",
    "06",
    "48",
    "02",
    "2020",
    "06",
    "24",
    "000.2",
    "V",
    "000.2",
    "V",
    "000.2",
    "V",
    "000.2",
    "V",
    "000.2",
    "V",
    "000.2",
    "V",
    "000.2",
    "V",
    "000.3",
    "V",
    "000.3",
    "V",
    "000.3",
    "V",
    "000.3",
    "V",
    "000.3",
    "V",
    "000.3",
    "V",
    "000.3",
    "V",
    "000.3",
    "V",
    "000.2",
    "V",
    "000.2",
    "V",
    "00000",
    "N",
    "00000",
    "N",
    "00000",
    "N",
    "00000",
    "N",
    "00000",
    "N",
    "00000",
    "N",
    "00000",
    "N",
  ],
  Array [
    "28",
    "079",
    "008",
    "07",
    "08",
    "02",
    "2020",
    "06",
    "24",
    "00001",
    "V",
    "00001",
    "V",
    "00001",
    "V",
    "00001",
    "V",
    "00001",
    "V",
    "00001",
    "V",
    "00002",
    "V",
    "00004",
    "V",
    "00011",
    "V",
    "00018",
    "V",
    "00012",
    "V",
    "00009",
    "V",
    "00008",
    "V",
    "00013",
    "V",
    "00007",
    "V",
    "00007",
    "V",
    "00005",
    "V",
    "00000",
    "N",
    "00000",
    "N",
    "00000",
    "N",
    "00000",
    "N",
    "00000",
    "N",
    "00000",
    "N",
    "00000",
    "N",
  ],
  Array [
    "28",
    "079",
    "008",
    "08",
    "08",
    "02",
    "2020",
    "06",
    "24",
    "00032",
    "V",
    "00021",
    "V",
    "00019",
    "V",
    "00013",
    "V",
    "00011",
    "V",
    "00014",
    "V",
    "00031",
    "V",
    "00051",
    "V",
    "00067",
    "V",
    "00072",
    "V",
    "00058",
    "V",
    "00051",
    "V",
    "00049",
    "V",
    "00072",
    "V",
    "00046",
    "V",
    "00043",
    "V",
    "00036",
    "V",
    "00000",
    "N",
    "00000",
    "N",
    "00000",
    "N",
    "00000",
    "N",
    "00000",
    "N",
    "00000",
    "N",
    "00000",
    "N",
  ],
  Array [
    "28",
    "079",
    "008",
    "12",
    "08",
    "02",
    "2020",
    "06",
    "24",
    "00033",
    "V",
    "00022",
    "V",
    "00021",
    "V",
    "00015",
    "V",
    "00012",
    "V",
    "00016",
    "V",
    "00034",
    "V",
    "00058",
    "V",
    "00085",
    "V",
    "00100",
    "V",
    "00076",
    "V",
    "00066",
    "V",
    "00061",
    "V",
    "00092",
    "V",
    "00057",
    "V",
    "00054",
    "V",
    "00044",
    "V",
    "00000",
    "N",
    "00000",
    "N",
    "00000",
    "N",
    "00000",
    "N",
    "00000",
    "N",
    "00000",
    "N",
    "00000",
    "N",
  ],
  Array [
    "28",
    "079",
    "008",
    "14",
    "06",
    "02",
    "2020",
    "06",
    "24",
    "00083",
    "V",
    "00082",
    "V",
    "00078",
    "V",
    "00075",
    "V",
    "00074",
    "V",
    "00064",
    "V",
    "00048",
    "V",
    "00033",
    "V",
    "00025",
    "V",
    "00027",
    "V",
    "00043",
    "V",
    "00051",
    "V",
    "00046",
    "V",
    "00031",
    "V",
    "00061",
    "V",
    "00074",
    "V",
    "00083",
    "V",
    "00000",
    "N",
    "00000",
    "N",
    "00000",
    "N",
    "00000",
    "N",
    "00000",
    "N",
    "00000",
    "N",
    "00000",
    "N",
  ],
  Array [
    "28",
    "079",
    "008",
    "20",
    "59",
    "02",
    "2020",
    "06",
    "24",
    "003.0",
    "V",
    "002.0",
    "V",
    "001.8",
    "V",
    "001.7",
    "V",
    "001.2",
    "V",
    "001.4",
    "V",
    "001.4",
    "V",
    "001.9",
    "V",
    "002.0",
    "V",
    "002.9",
    "V",
    "003.0",
    "V",
    "002.8",
    "V",
    "002.1",
    "V",
    "004.6",
    "V",
    "004.4",
    "V",
    "002.6",
    "V",
    "003.1",
    "V",
    "00000",
    "N",
    "00000",
    "N",
    "00000",
    "N",
    "00000",
    "N",
    "00000",
    "N",
    "00000",
    "N",
    "00000",
    "N",
  ],
  Array [
    "28",
    "079",
    "008",
    "22",
    "00",
    "02",
    "2020",
    "06",
    "24",
    "00001",
    "V",
    "00001",
    "V",
    "00001",
    "V",
    "00001",
    "V",
    "00001",
    "V",
    "00001",
    "V",
    "00001",
    "V",
    "00002",
    "V",
    "00003",
    "V",
    "00003",
    "V",
    "00003",
    "V",
    "00002",
    "V",
    "00002",
    "V",
    "00003",
    "V",
    "00002",
    "V",
    "00002",
    "V",
    "00001",
    "V",
    "00000",
    "N",
    "00000",
    "N",
    "00000",
    "N",
    "00000",
    "N",
    "00000",
    "N",
    "00000",
    "N",
    "00000",
    "N",
  ],
  Array [
    "28",
    "079",
    "008",
    "30",
    "59",
    "02",
    "2020",
    "06",
    "24",
    "000.5",
    "V",
    "000.3",
    "V",
    "000.2",
    "V",
    "000.2",
    "V",
    "000.3",
    "V",
    "000.1",
    "V",
    "000.2",
    "V",
    "000.3",
    "V",
    "000.4",
    "V",
    "000.4",
    "V",
    "000.4",
    "V",
    "000.5",
    "V",
    "000.4",
    "V",
    "000.5",
    "V",
    "000.5",
    "V",
    "000.4",
    "V",
    "000.4",
    "V",
    "00000",
    "N",
    "00000",
    "N",
    "00000",
    "N",
    "00000",
    "N",
    "00000",
    "N",
    "00000",
    "N",
    "00000",
    "N",
  ],
  Array [
    "28",
    "079",
    "008",
    "35",
    "59",
    "02",
    "2020",
    "06",
    "24",
    "000.9",
    "V",
    "000.7",
    "V",
    "000.5",
    "V",
    "000.4",
    "V",
    "000.4",
    "V",
    "000.4",
    "V",
    "000.4",
    "V",
    "000.5",
    "V",
    "000.5",
    "V",
    "000.6",
    "V",
    "000.6",
    "V",
    "000.5",
    "V",
    "000.5",
    "V",
    "000.8",
    "V",
    "000.8",
    "V",
    "000.6",
    "V",
    "000.6",
    "V",
    "00000",
    "N",
    "00000",
    "N",
    "00000",
    "N",
    "00000",
    "N",
    "00000",
    "N",
    "00000",
    "N",
    "00000",
    "N",
  ],
  Array [
    "28",
    "079",
    "008",
    "42",
    "02",
    "02",
    "2020",
    "06",
    "24",
    "01.50",
    "V",
    "01.46",
    "V",
    "01.45",
    "V",
    "01.42",
    "V",
    "01.43",
    "V",
    "01.45",
    "V",
    "01.45",
    "V",
    "01.47",
    "V",
    "01.48",
    "V",
    "01.51",
    "V",
    "01.47",
    "V",
    "01.49",
    "V",
    "01.53",
    "V",
    "01.54",
    "V",
    "01.50",
    "V",
    "01.46",
    "V",
    "01.47",
    "V",
    "00000",
    "N",
    "00000",
    "N",
    "00000",
    "N",
    "00000",
    "N",
    "00000",
    "N",
    "00000",
    "N",
    "00000",
    "N",
  ],
  Array [
    "28",
    "079",
    "008",
    "43",
    "02",
    "02",
    "2020",
    "06",
    "24",
    "01.32",
    "V",
    "01.31",
    "V",
    "01.31",
    "V",
    "01.30",
    "V",
    "01.31",
    "V",
    "01.33",
    "V",
    "01.32",
    "V",
    "01.32",
    "V",
    "01.32",
    "V",
    "01.33",
    "V",
    "01.31",
    "V",
    "01.35",
    "V",
    "01.37",
    "V",
    "01.34",
    "V",
    "01.34",
    "V",
    "01.30",
    "V",
    "01.30",
    "V",
    "00000",
    "N",
    "00000",
    "N",
    "00000",
    "N",
    "00000",
    "N",
    "00000",
    "N",
    "00000",
    "N",
    "00000",
    "N",
  ],
  Array [
    "28",
    "079",
    "008",
    "44",
    "02",
    "02",
    "2020",
    "06",
    "24",
    "00.18",
    "V",
    "00.15",
    "V",
    "00.14",
    "V",
    "00.12",
    "V",
    "00.12",
    "V",
    "00.12",
    "V",
    "00.13",
    "V",
    "00.14",
    "V",
    "00.16",
    "V",
    "00.18",
    "V",
    "00.16",
    "V",
    "00.15",
    "V",
    "00.16",
    "V",
    "00.20",
    "V",
    "00.16",
    "V",
    "00.16",
    "V",
    "00.17",
    "V",
    "00000",
    "N",
    "00000",
    "N",
    "00000",
    "N",
    "00000",
    "N",
    "00000",
    "N",
    "00000",
    "N",
    "00000",
    "N",
  ],
  Array [
    "28",
    "079",
    "011",
    "07",
    "08",
    "02",
    "2020",
    "06",
    "24",
    "00001",
    "V",
    "00001",
    "V",
    "00001",
    "V",
    "00001",
    "V",
    "00001",
    "V",
    "00001",
    "V",
    "00001",
    "V",
    "00002",
    "V",
    "00004",
    "N",
    "00006",
    "V",
    "00005",
    "V",
    "00014",
    "V",
    "00029",
    "V",
    "00003",
    "V",
    "00007",
    "V",
    "00003",
    "V",
    "00004",
    "V",
    "00000",
    "N",
    "00000",
    "N",
    "00000",
    "N",
    "00000",
    "N",
    "00000",
    "N",
    "00000",
    "N",
    "00000",
    "N",
  ],
  Array [
    "28",
    "079",
    "011",
    "08",
    "08",
    "02",
    "2020",
    "06",
    "24",
    "00013",
    "V",
    "00008",
    "V",
    "00010",
    "V",
    "00009",
    "V",
    "00009",
    "V",
    "00009",
    "V",
    "00022",
    "V",
    "00046",
    "V",
    "00060",
    "N",
    "00053",
    "V",
    "00037",
    "V",
    "00060",
    "V",
    "00073",
    "V",
    "00042",
    "V",
    "00033",
    "V",
    "00019",
    "V",
    "00018",
    "V",
    "00000",
    "N",
    "00000",
    "N",
    "00000",
    "N",
    "00000",
    "N",
    "00000",
    "N",
    "00000",
    "N",
    "00000",
    "N",
  ],
  Array [
    "28",
    "079",
    "011",
    "12",
    "08",
    "02",
    "2020",
    "06",
    "24",
    "00015",
    "V",
    "00010",
    "V",
    "00012",
    "V",
    "00011",
    "V",
    "00010",
    "V",
    "00011",
    "V",
    "00024",
    "V",
    "00049",
    "V",
    "00067",
    "N",
    "00062",
    "V",
    "00044",
    "V",
    "00082",
    "V",
    "00118",
    "V",
    "00047",
    "V",
    "00043",
    "V",
    "00024",
    "V",
    "00024",
    "V",
    "00000",
    "N",
    "00000",
    "N",
    "00000",
    "N",
    "00000",
    "N",
    "00000",
    "N",
    "00000",
    "N",
    "00000",
    "N",
  ],
  Array [
    "28",
    "079",
    "011",
    "20",
    "59",
    "02",
    "2020",
    "06",
    "24",
    "000.5",
    "V",
    "000.4",
    "V",
    "000.5",
    "V",
    "000.4",
    "V",
    "000.4",
    "V",
    "000.5",
    "V",
    "000.3",
    "V",
    "000.5",
    "V",
    "001.2",
    "N",
    "001.4",
    "V",
    "001.1",
    "V",
    "001.4",
    "V",
    "001.7",
    "V",
    "003.7",
    "N",
    "00000",
    "N",
    "000.4",
    "N",
    "000.4",
    "V",
    "00000",
    "N",
    "00000",
    "N",
    "00000",
    "N",
    "00000",
    "N",
    "00000",
    "N",
    "00000",
    "N",
    "00000",
    "N",
  ],
  Array [
    "28",
    "079",
    "011",
    "30",
    "59",
    "02",
    "2020",
    "06",
    "24",
    "000.1",
    "V",
    "000.1",
    "V",
    "000.1",
    "V",
    "000.2",
    "V",
    "000.1",
    "V",
    "000.3",
    "V",
    "000.2",
    "V",
    "000.1",
    "V",
    "000.2",
    "N",
    "000.2",
    "V",
    "000.3",
    "V",
    "000.3",
    "V",
    "000.3",
    "V",
    "000.6",
    "N",
    "00000",
    "N",
    "000.3",
    "N",
    "000.3",
    "V",
    "00000",
    "N",
    "00000",
    "N",
    "00000",
    "N",
    "00000",
    "N",
    "00000",
    "N",
    "00000",
    "N",
    "00000",
    "N",
  ],
  Array [
    "28",
    "079",
    "011",
    "35",
    "59",
    "02",
    "2020",
    "06",
    "24",
    "000.1",
    "V",
    "000.1",
    "V",
    "000.1",
    "V",
    "000.1",
    "V",
    "000.1",
    "V",
    "000.1",
    "V",
    "000.1",
    "V",
    "000.1",
    "V",
    "000.1",
    "N",
    "000.1",
    "V",
    "000.1",
    "V",
    "000.1",
    "V",
    "000.2",
    "V",
    "000.4",
    "N",
    "00000",
    "N",
    "000.1",
    "N",
    "000.2",
    "V",
    "00000",
    "N",
    "00000",
    "N",
    "00000",
    "N",
    "00000",
    "N",
    "00000",
    "N",
    "00000",
    "N",
    "00000",
    "N",
  ],
  Array [
    "28",
    "079",
    "016",
    "06",
    "48",
    "02",
    "2020",
    "06",
    "24",
    "000.2",
    "V",
    "000.1",
    "V",
    "000.1",
    "V",
    "000.1",
    "V",
    "000.1",
    "V",
    "000.1",
    "V",
    "000.2",
    "V",
    "000.2",
    "V",
    "000.3",
    "V",
    "000.2",
    "V",
    "000.2",
    "V",
    "000.2",
    "V",
    "000.2",
    "V",
    "000.2",
    "V",
    "000.2",
    "V",
    "000.2",
    "V",
    "000.2",
    "V",
    "00000",
    "N",
    "00000",
    "N",
    "00000",
    "N",
    "00000",
    "N",
    "00000",
    "N",
    "00000",
    "N",
    "00000",
    "N",
  ],
  Array [
    "28",
    "079",
    "016",
    "07",
    "08",
    "02",
    "2020",
    "06",
    "24",
    "00001",
    "V",
    "00001",
    "V",
    "00001",
    "V",
    "00001",
    "V",
    "00001",
    "V",
    "00001",
    "V",
    "00001",
    "V",
    "00002",
    "V",
    "00006",
    "V",
    "00003",
    "V",
    "00002",
    "V",
    "00005",
    "V",
    "00007",
    "V",
    "00003",
    "V",
    "00003",
    "V",
    "00011",
    "V",
    "00001",
    "V",
    "00000",
    "N",
    "00000",
    "N",
    "00000",
    "N",
    "00000",
    "N",
    "00000",
    "N",
    "00000",
    "N",
    "00000",
    "N",
  ],
  Array [
    "28",
    "079",
    "016",
    "08",
    "08",
    "02",
    "2020",
    "06",
    "24",
    "00012",
    "V",
    "00011",
    "V",
    "00011",
    "V",
    "00007",
    "V",
    "00007",
    "V",
    "00013",
    "V",
    "00021",
    "V",
    "00040",
    "V",
    "00059",
    "V",
    "00036",
    "V",
    "00025",
    "V",
    "00043",
    "V",
    "00044",
    "V",
    "00034",
    "V",
    "00022",
    "V",
    "00024",
    "V",
    "00008",
    "V",
    "00000",
    "N",
    "00000",
    "N",
    "00000",
    "N",
    "00000",
    "N",
    "00000",
    "N",
    "00000",
    "N",
    "00000",
    "N",
  ],
  Array [
    "28",
    "079",
    "016",
    "12",
    "08",
    "02",
    "2020",
    "06",
    "24",
    "00014",
    "V",
    "00012",
    "V",
    "00012",
    "V",
    "00008",
    "V",
    "00009",
    "V",
    "00015",
    "V",
    "00023",
    "V",
    "00044",
    "V",
    "00068",
    "V",
    "00041",
    "V",
    "00029",
    "V",
    "00051",
    "V",
    "00055",
    "V",
    "00038",
    "V",
    "00027",
    "V",
    "00041",
    "V",
    "00010",
    "V",
    "00000",
    "N",
    "00000",
    "N",
    "00000",
    "N",
    "00000",
    "N",
    "00000",
    "N",
    "00000",
    "N",
    "00000",
    "N",
  ],
  Array [
    "28",
    "079",
    "016",
    "14",
    "06",
    "02",
    "2020",
    "06",
    "24",
    "00092",
    "V",
    "00088",
    "V",
    "00081",
    "V",
    "00079",
    "V",
    "00074",
    "V",
    "00064",
    "V",
    "00060",
    "V",
    "00045",
    "V",
    "00028",
    "V",
    "00049",
    "V",
    "00067",
    "V",
    "00055",
    "V",
    "00050",
    "V",
    "00058",
    "V",
    "00077",
    "V",
    "00089",
    "V",
    "00098",
    "V",
    "00000",
    "N",
    "00000",
    "N",
    "00000",
    "N",
    "00000",
    "N",
    "00000",
    "N",
    "00000",
    "N",
    "00000",
    "N",
  ],
  Array [
    "28",
    "079",
    "017",
    "01",
    "38",
    "02",
    "2020",
    "06",
    "24",
    "00010",
    "V",
    "00009",
    "V",
    "00009",
    "V",
    "00009",
    "V",
    "00009",
    "V",
    "00009",
    "V",
    "00009",
    "V",
    "00009",
    "V",
    "00009",
    "V",
    "00009",
    "V",
    "00009",
    "V",
    "00009",
    "V",
    "00009",
    "V",
    "00009",
    "V",
    "00009",
    "V",
    "00009",
    "V",
    "00009",
    "V",
    "00000",
    "N",
    "00000",
    "N",
    "00000",
    "N",
    "00000",
    "N",
    "00000",
    "N",
    "00000",
    "N",
    "00000",
    "N",
  ],
  Array [
    "28",
    "079",
    "017",
    "07",
    "08",
    "02",
    "2020",
    "06",
    "24",
    "00018",
    "V",
    "00018",
    "V",
    "00019",
    "V",
    "00019",
    "V",
    "00019",
    "V",
    "00019",
    "V",
    "00024",
    "V",
    "00020",
    "V",
    "00022",
    "V",
    "00022",
    "V",
    "00021",
    "V",
    "00019",
    "V",
    "00020",
    "V",
    "00022",
    "V",
    "00020",
    "V",
    "00019",
    "V",
    "00019",
    "V",
    "00000",
    "N",
    "00000",
    "N",
    "00000",
    "N",
    "00000",
    "N",
    "00000",
    "N",
    "00000",
    "N",
    "00000",
    "N",
  ],
  Array [
    "28",
    "079",
    "017",
    "08",
    "08",
    "02",
    "2020",
    "06",
    "24",
    "00025",
    "V",
    "00023",
    "V",
    "00020",
    "V",
    "00013",
    "V",
    "00012",
    "V",
    "00016",
    "V",
    "00036",
    "V",
    "00043",
    "V",
    "00049",
    "V",
    "00040",
    "V",
    "00032",
    "V",
    "00021",
    "V",
    "00023",
    "V",
    "00046",
    "V",
    "00023",
    "V",
    "00012",
    "V",
    "00011",
    "V",
    "00000",
    "N",
    "00000",
    "N",
    "00000",
    "N",
    "00000",
    "N",
    "00000",
    "N",
    "00000",
    "N",
    "00000",
    "N",
  ],
  Array [
    "28",
    "079",
    "017",
    "12",
    "08",
    "02",
    "2020",
    "06",
    "24",
    "00053",
    "V",
    "00051",
    "V",
    "00048",
    "V",
    "00041",
    "V",
    "00040",
    "V",
    "00045",
    "V",
    "00073",
    "V",
    "00074",
    "V",
    "00083",
    "V",
    "00075",
    "V",
    "00063",
    "V",
    "00051",
    "V",
    "00053",
    "V",
    "00079",
    "V",
    "00054",
    "V",
    "00042",
    "V",
    "00040",
    "V",
    "00000",
    "N",
    "00000",
    "N",
    "00000",
    "N",
    "00000",
    "N",
    "00000",
    "N",
    "00000",
    "N",
    "00000",
    "N",
  ],
  Array [
    "28",
    "079",
    "017",
    "14",
    "06",
    "02",
    "2020",
    "06",
    "24",
    "00077",
    "V",
    "00069",
    "V",
    "00060",
    "V",
    "00059",
    "V",
    "00060",
    "V",
    "00054",
    "V",
    "00036",
    "V",
    "00029",
    "V",
    "00027",
    "V",
    "00040",
    "V",
    "00055",
    "V",
    "00060",
    "V",
    "00055",
    "V",
    "00040",
    "V",
    "00068",
    "V",
    "00087",
    "V",
    "00095",
    "V",
    "00000",
    "N",
    "00000",
    "N",
    "00000",
    "N",
    "00000",
    "N",
    "00000",
    "N",
    "00000",
    "N",
    "00000",
    "N",
  ],
  Array [
    "28",
    "079",
    "018",
    "01",
    "38",
    "02",
    "2020",
    "06",
    "24",
    "00009",
    "V",
    "00010",
    "V",
    "00010",
    "V",
    "00010",
    "V",
    "00009",
    "V",
    "00009",
    "V",
    "00008",
    "V",
    "00008",
    "V",
    "00009",
    "V",
    "00010",
    "V",
    "00010",
    "V",
    "00010",
    "V",
    "00010",
    "V",
    "00010",
    "V",
    "00010",
    "V",
    "00009",
    "V",
    "00008",
    "V",
    "00000",
    "N",
    "00000",
    "N",
    "00000",
    "N",
    "00000",
    "N",
    "00000",
    "N",
    "00000",
    "N",
    "00000",
    "N",
  ],
  Array [
    "28",
    "079",
    "018",
    "06",
    "48",
    "02",
    "2020",
    "06",
    "24",
    "000.3",
    "V",
    "000.3",
    "V",
    "000.3",
    "V",
    "000.3",
    "V",
    "000.3",
    "V",
    "000.3",
    "V",
    "000.3",
    "V",
    "000.4",
    "V",
    "000.4",
    "V",
    "000.4",
    "V",
    "000.4",
    "V",
    "000.3",
    "V",
    "000.3",
    "V",
    "000.4",
    "V",
    "000.3",
    "V",
    "000.3",
    "V",
    "000.3",
    "V",
    "00000",
    "N",
    "00000",
    "N",
    "00000",
    "N",
    "00000",
    "N",
    "00000",
    "N",
    "00000",
    "N",
    "00000",
    "N",
  ],
  Array [
    "28",
    "079",
    "018",
    "07",
    "08",
    "02",
    "2020",
    "06",
    "24",
    "00001",
    "V",
    "00001",
    "V",
    "00001",
    "V",
    "00001",
    "V",
    "00001",
    "V",
    "00001",
    "V",
    "00001",
    "V",
    "00004",
    "V",
    "00006",
    "V",
    "00010",
    "V",
    "00004",
    "V",
    "00003",
    "V",
    "00004",
    "V",
    "00005",
    "V",
    "00004",
    "V",
    "00002",
    "V",
    "00002",
    "V",
    "00000",
    "N",
    "00000",
    "N",
    "00000",
    "N",
    "00000",
    "N",
    "00000",
    "N",
    "00000",
    "N",
    "00000",
    "N",
  ],
  Array [
    "28",
    "079",
    "018",
    "08",
    "08",
    "02",
    "2020",
    "06",
    "24",
    "00018",
    "V",
    "00014",
    "V",
    "00012",
    "V",
    "00008",
    "V",
    "00006",
    "V",
    "00011",
    "V",
    "00024",
    "V",
    "00051",
    "V",
    "00057",
    "V",
    "00056",
    "V",
    "00036",
    "V",
    "00023",
    "V",
    "00030",
    "V",
    "00047",
    "V",
    "00024",
    "V",
    "00015",
    "V",
    "00015",
    "V",
    "00000",
    "N",
    "00000",
    "N",
    "00000",
    "N",
    "00000",
    "N",
    "00000",
    "N",
    "00000",
    "N",
    "00000",
    "N",
  ],
  Array [
    "28",
    "079",
    "018",
    "10",
    "47",
    "02",
    "2020",
    "06",
    "24",
    "00037",
    "V",
    "00027",
    "V",
    "00031",
    "V",
    "00021",
    "V",
    "00024",
    "V",
    "00021",
    "V",
    "00018",
    "V",
    "00022",
    "V",
    "00028",
    "V",
    "00032",
    "V",
    "00037",
    "V",
    "00033",
    "V",
    "00025",
    "V",
    "00049",
    "V",
    "00045",
    "V",
    "00035",
    "V",
    "00027",
    "V",
    "00000",
    "N",
    "00000",
    "N",
    "00000",
    "N",
    "00000",
    "N",
    "00000",
    "N",
    "00000",
    "N",
    "00000",
    "N",
  ],
  Array [
    "28",
    "079",
    "018",
    "12",
    "08",
    "02",
    "2020",
    "06",
    "24",
    "00020",
    "V",
    "00016",
    "V",
    "00013",
    "V",
    "00010",
    "V",
    "00008",
    "V",
    "00013",
    "V",
    "00025",
    "V",
    "00057",
    "V",
    "00066",
    "V",
    "00071",
    "V",
    "00043",
    "V",
    "00027",
    "V",
    "00036",
    "V",
    "00055",
    "V",
    "00031",
    "V",
    "00018",
    "V",
    "00017",
    "V",
    "00000",
    "N",
    "00000",
    "N",
    "00000",
    "N",
    "00000",
    "N",
    "00000",
    "N",
    "00000",
    "N",
    "00000",
    "N",
  ],
  Array [
    "28",
    "079",
    "018",
    "14",
    "06",
    "02",
    "2020",
    "06",
    "24",
    "00094",
    "V",
    "00087",
    "V",
    "00087",
    "V",
    "00080",
    "V",
    "00078",
    "V",
    "00068",
    "V",
    "00055",
    "V",
    "00027",
    "V",
    "00029",
    "V",
    "00038",
    "V",
    "00061",
    "V",
    "00071",
    "V",
    "00064",
    "V",
    "00054",
    "V",
    "00079",
    "V",
    "00100",
    "V",
    "00108",
    "V",
    "00000",
    "N",
    "00000",
    "N",
    "00000",
    "N",
    "00000",
    "N",
    "00000",
    "N",
    "00000",
    "N",
    "00000",
    "N",
  ],
  Array [
    "28",
    "079",
    "018",
    "20",
    "59",
    "02",
    "2020",
    "06",
    "24",
    "001.8",
    "V",
    "000.7",
    "V",
    "000.7",
    "V",
    "000.5",
    "V",
    "000.3",
    "V",
    "000.4",
    "V",
    "000.5",
    "V",
    "001.0",
    "V",
    "001.2",
    "V",
    "001.3",
    "V",
    "000.9",
    "V",
    "000.5",
    "V",
    "000.3",
    "V",
    "001.0",
    "V",
    "000.9",
    "V",
    "000.4",
    "V",
    "000.2",
    "V",
    "00000",
    "N",
    "00000",
    "N",
    "00000",
    "N",
    "00000",
    "N",
    "00000",
    "N",
    "00000",
    "N",
    "00000",
    "N",
  ],
  Array [
    "28",
    "079",
    "018",
    "30",
    "59",
    "02",
    "2020",
    "06",
    "24",
    "000.1",
    "V",
    "000.1",
    "V",
    "000.1",
    "V",
    "000.1",
    "V",
    "000.1",
    "V",
    "000.1",
    "V",
    "000.1",
    "V",
    "000.1",
    "V",
    "000.1",
    "V",
    "000.1",
    "V",
    "000.1",
    "V",
    "000.1",
    "V",
    "000.1",
    "V",
    "000.1",
    "V",
    "000.1",
    "V",
    "000.1",
    "V",
    "000.1",
    "V",
    "00000",
    "N",
    "00000",
    "N",
    "00000",
    "N",
    "00000",
    "N",
    "00000",
    "N",
    "00000",
    "N",
    "00000",
    "N",
  ],
  Array [
    "28",
    "079",
    "018",
    "35",
    "59",
    "02",
    "2020",
    "06",
    "24",
    "000.2",
    "V",
    "000.1",
    "V",
    "000.1",
    "V",
    "000.1",
    "V",
    "000.1",
    "V",
    "000.1",
    "V",
    "000.1",
    "V",
    "000.1",
    "V",
    "000.1",
    "V",
    "000.1",
    "V",
    "000.1",
    "V",
    "000.1",
    "V",
    "000.1",
    "V",
    "000.2",
    "V",
    "000.1",
    "V",
    "000.1",
    "V",
    "000.1",
    "V",
    "00000",
    "N",
    "00000",
    "N",
    "00000",
    "N",
    "00000",
    "N",
    "00000",
    "N",
    "00000",
    "N",
    "00000",
    "N",
  ],
  Array [
    "28",
    "079",
    "024",
    "01",
    "38",
    "02",
    "2020",
    "06",
    "24",
    "00005",
    "V",
    "00005",
    "V",
    "00005",
    "V",
    "00005",
    "V",
    "00005",
    "V",
    "00005",
    "V",
    "00005",
    "V",
    "00005",
    "V",
    "00005",
    "V",
    "00005",
    "V",
    "00005",
    "V",
    "00006",
    "V",
    "00005",
    "V",
    "00005",
    "V",
    "00005",
    "V",
    "00006",
    "V",
    "00005",
    "V",
    "00000",
    "N",
    "00000",
    "N",
    "00000",
    "N",
    "00000",
    "N",
    "00000",
    "N",
    "00000",
    "N",
    "00000",
    "N",
  ],
  Array [
    "28",
    "079",
    "024",
    "06",
    "48",
    "02",
    "2020",
    "06",
    "24",
    "000.1",
    "V",
    "000.1",
    "V",
    "000.1",
    "V",
    "000.1",
    "V",
    "000.1",
    "V",
    "000.1",
    "V",
    "000.1",
    "V",
    "000.1",
    "V",
    "000.2",
    "V",
    "000.2",
    "V",
    "000.2",
    "V",
    "000.1",
    "V",
    "000.1",
    "V",
    "000.2",
    "V",
    "000.2",
    "V",
    "000.1",
    "V",
    "000.1",
    "V",
    "00000",
    "N",
    "00000",
    "N",
    "00000",
    "N",
    "00000",
    "N",
    "00000",
    "N",
    "00000",
    "N",
    "00000",
    "N",
  ],
  Array [
    "28",
    "079",
    "024",
    "07",
    "08",
    "02",
    "2020",
    "06",
    "24",
    "00001",
    "V",
    "00001",
    "V",
    "00001",
    "V",
    "00001",
    "V",
    "00001",
    "V",
    "00001",
    "V",
    "00001",
    "V",
    "00001",
    "V",
    "00003",
    "V",
    "00006",
    "V",
    "00004",
    "V",
    "00001",
    "V",
    "00002",
    "V",
    "00003",
    "V",
    "00003",
    "V",
    "00001",
    "V",
    "00001",
    "V",
    "00000",
    "N",
    "00000",
    "N",
    "00000",
    "N",
    "00000",
    "N",
    "00000",
    "N",
    "00000",
    "N",
    "00000",
    "N",
  ],
  Array [
    "28",
    "079",
    "024",
    "08",
    "08",
    "02",
    "2020",
    "06",
    "24",
    "00012",
    "V",
    "00008",
    "V",
    "00008",
    "V",
    "00007",
    "V",
    "00006",
    "V",
    "00009",
    "V",
    "00012",
    "V",
    "00019",
    "V",
    "00034",
    "V",
    "00037",
    "V",
    "00032",
    "V",
    "00019",
    "V",
    "00019",
    "V",
    "00032",
    "V",
    "00020",
    "V",
    "00009",
    "V",
    "00007",
    "V",
    "00000",
    "N",
    "00000",
    "N",
    "00000",
    "N",
    "00000",
    "N",
    "00000",
    "N",
    "00000",
    "N",
    "00000",
    "N",
  ],
  Array [
    "28",
    "079",
    "024",
    "09",
    "47",
    "02",
    "2020",
    "06",
    "24",
    "00016",
    "V",
    "00021",
    "V",
    "00023",
    "V",
    "00024",
    "V",
    "00010",
    "V",
    "00006",
    "V",
    "00013",
    "V",
    "00013",
    "V",
    "00011",
    "V",
    "00011",
    "V",
    "00003",
    "V",
    "00008",
    "V",
    "00012",
    "V",
    "00013",
    "V",
    "00015",
    "V",
    "00018",
    "V",
    "00012",
    "V",
    "00000",
    "N",
    "00000",
    "N",
    "00000",
    "N",
    "00000",
    "N",
    "00000",
    "N",
    "00000",
    "N",
    "00000",
    "N",
  ],
  Array [
    "28",
    "079",
    "024",
    "10",
    "47",
    "02",
    "2020",
    "06",
    "24",
    "00031",
    "V",
    "00040",
    "V",
    "00042",
    "V",
    "00034",
    "V",
    "00022",
    "V",
    "00014",
    "V",
    "00021",
    "V",
    "00023",
    "V",
    "00021",
    "V",
    "00023",
    "V",
    "00022",
    "V",
    "00028",
    "V",
    "00032",
    "V",
    "00035",
    "V",
    "00040",
    "V",
    "00038",
    "V",
    "00024",
    "V",
    "00000",
    "N",
    "00000",
    "N",
    "00000",
    "N",
    "00000",
    "N",
    "00000",
    "N",
    "00000",
    "N",
    "00000",
    "N",
  ],
  Array [
    "28",
    "079",
    "024",
    "12",
    "08",
    "02",
    "2020",
    "06",
    "24",
    "00014",
    "V",
    "00010",
    "V",
    "00010",
    "V",
    "00008",
    "V",
    "00008",
    "V",
    "00011",
    "V",
    "00013",
    "V",
    "00020",
    "V",
    "00039",
    "V",
    "00046",
    "V",
    "00038",
    "V",
    "00021",
    "V",
    "00022",
    "V",
    "00036",
    "V",
    "00024",
    "V",
    "00011",
    "V",
    "00008",
    "V",
    "00000",
    "N",
    "00000",
    "N",
    "00000",
    "N",
    "00000",
    "N",
    "00000",
    "N",
    "00000",
    "N",
    "00000",
    "N",
  ],
  Array [
    "28",
    "079",
    "024",
    "14",
    "06",
    "02",
    "2020",
    "06",
    "24",
    "00085",
    "V",
    "00080",
    "V",
    "00077",
    "V",
    "00071",
    "V",
    "00069",
    "V",
    "00062",
    "V",
    "00055",
    "V",
    "00049",
    "V",
    "00038",
    "V",
    "00045",
    "V",
    "00053",
    "V",
    "00065",
    "V",
    "00061",
    "V",
    "00056",
    "V",
    "00071",
    "V",
    "00091",
    "V",
    "00097",
    "V",
    "00000",
    "N",
    "00000",
    "N",
    "00000",
    "N",
    "00000",
    "N",
    "00000",
    "N",
    "00000",
    "N",
    "00000",
    "N",
  ],
  Array [
    "28",
    "079",
    "024",
    "20",
    "59",
    "02",
    "2020",
    "06",
    "24",
    "001.8",
    "V",
    "002.8",
    "V",
    "002.1",
    "V",
    "001.1",
    "V",
    "001.0",
    "V",
    "000.6",
    "V",
    "000.9",
    "V",
    "001.0",
    "V",
    "001.0",
    "V",
    "001.4",
    "V",
    "003.7",
    "V",
    "002.9",
    "V",
    "001.5",
    "V",
    "004.8",
    "V",
    "003.8",
    "V",
    "001.5",
    "V",
    "000.8",
    "V",
    "00000",
    "N",
    "00000",
    "N",
    "00000",
    "N",
    "00000",
    "N",
    "00000",
    "N",
    "00000",
    "N",
    "00000",
    "N",
  ],
  Array [
    "28",
    "079",
    "024",
    "30",
    "59",
    "02",
    "2020",
    "06",
    "24",
    "000.3",
    "V",
    "000.2",
    "V",
    "000.2",
    "V",
    "000.1",
    "V",
    "000.2",
    "V",
    "000.1",
    "V",
    "000.1",
    "V",
    "000.1",
    "V",
    "000.2",
    "V",
    "000.3",
    "V",
    "000.4",
    "V",
    "000.2",
    "V",
    "000.2",
    "V",
    "000.3",
    "V",
    "000.3",
    "V",
    "000.2",
    "V",
    "000.1",
    "V",
    "00000",
    "N",
    "00000",
    "N",
    "00000",
    "N",
    "00000",
    "N",
    "00000",
    "N",
    "00000",
    "N",
    "00000",
    "N",
  ],
  Array [
    "28",
    "079",
    "024",
    "35",
    "59",
    "02",
    "2020",
    "06",
    "24",
    "000.1",
    "V",
    "000.1",
    "V",
    "000.1",
    "V",
    "000.1",
    "V",
    "000.1",
    "V",
    "000.1",
    "V",
    "000.1",
    "V",
    "000.1",
    "V",
    "000.1",
    "V",
    "000.1",
    "V",
    "000.2",
    "V",
    "000.1",
    "V",
    "000.1",
    "V",
    "000.2",
    "V",
    "000.3",
    "V",
    "000.1",
    "V",
    "000.1",
    "V",
    "00000",
    "N",
    "00000",
    "N",
    "00000",
    "N",
    "00000",
    "N",
    "00000",
    "N",
    "00000",
    "N",
    "00000",
    "N",
  ],
  Array [
    "28",
    "079",
    "024",
    "42",
    "02",
    "02",
    "2020",
    "06",
    "24",
    "01.15",
    "V",
    "01.13",
    "V",
    "01.12",
    "V",
    "01.12",
    "V",
    "01.12",
    "V",
    "01.13",
    "V",
    "01.13",
    "V",
    "01.14",
    "V",
    "01.16",
    "V",
    "01.16",
    "V",
    "01.15",
    "V",
    "01.18",
    "V",
    "01.16",
    "V",
    "01.19",
    "V",
    "01.15",
    "V",
    "01.10",
    "V",
    "01.10",
    "V",
    "00000",
    "N",
    "00000",
    "N",
    "00000",
    "N",
    "00000",
    "N",
    "00000",
    "N",
    "00000",
    "N",
    "00000",
    "N",
  ],
  Array [
    "28",
    "079",
    "024",
    "43",
    "02",
    "02",
    "2020",
    "06",
    "24",
    "01.00",
    "V",
    "00.99",
    "V",
    "00.98",
    "V",
    "00.99",
    "V",
    "00.99",
    "V",
    "01.00",
    "V",
    "01.00",
    "V",
    "00.99",
    "V",
    "01.00",
    "V",
    "01.02",
    "V",
    "00.99",
    "V",
    "01.05",
    "V",
    "01.04",
    "V",
    "01.04",
    "V",
    "01.02",
    "V",
    "00.97",
    "V",
    "00.97",
    "V",
    "00000",
    "N",
    "00000",
    "N",
    "00000",
    "N",
    "00000",
    "N",
    "00000",
    "N",
    "00000",
    "N",
    "00000",
    "N",
  ],
  Array [
    "28",
    "079",
    "024",
    "44",
    "02",
    "02",
    "2020",
    "06",
    "24",
    "00.15",
    "V",
    "00.14",
    "V",
    "00.14",
    "V",
    "00.13",
    "V",
    "00.13",
    "V",
    "00.13",
    "V",
    "00.13",
    "V",
    "00.15",
    "V",
    "00.15",
    "V",
    "00.15",
    "V",
    "00.16",
    "V",
    "00.14",
    "V",
    "00.13",
    "V",
    "00.15",
    "V",
    "00.13",
    "V",
    "00.13",
    "V",
    "00.13",
    "V",
    "00000",
    "N",
    "00000",
    "N",
    "00000",
    "N",
    "00000",
    "N",
    "00000",
    "N",
    "00000",
    "N",
    "00000",
    "N",
  ],
  Array [
    "28",
    "079",
    "027",
    "07",
    "08",
    "02",
    "2020",
    "06",
    "24",
    "00001",
    "V",
    "00001",
    "V",
    "00001",
    "V",
    "00001",
    "V",
    "00004",
    "V",
    "00001",
    "V",
    "00001",
    "V",
    "00005",
    "V",
    "00008",
    "V",
    "00007",
    "V",
    "00001",
    "V",
    "00001",
    "V",
    "00002",
    "V",
    "00001",
    "V",
    "00001",
    "V",
    "00001",
    "V",
    "00001",
    "V",
    "00000",
    "N",
    "00000",
    "N",
    "00000",
    "N",
    "00000",
    "N",
    "00000",
    "N",
    "00000",
    "N",
    "00000",
    "N",
  ],
  Array [
    "28",
    "079",
    "027",
    "08",
    "08",
    "02",
    "2020",
    "06",
    "24",
    "00007",
    "V",
    "00004",
    "V",
    "00005",
    "V",
    "00007",
    "V",
    "00040",
    "V",
    "00019",
    "V",
    "00055",
    "V",
    "00062",
    "V",
    "00055",
    "V",
    "00046",
    "V",
    "00014",
    "V",
    "00023",
    "V",
    "00034",
    "V",
    "00019",
    "V",
    "00010",
    "V",
    "00006",
    "V",
    "00006",
    "V",
    "00000",
    "N",
    "00000",
    "N",
    "00000",
    "N",
    "00000",
    "N",
    "00000",
    "N",
    "00000",
    "N",
    "00000",
    "N",
  ],
  Array [
    "28",
    "079",
    "027",
    "12",
    "08",
    "02",
    "2020",
    "06",
    "24",
    "00008",
    "V",
    "00006",
    "V",
    "00007",
    "V",
    "00008",
    "V",
    "00046",
    "V",
    "00020",
    "V",
    "00057",
    "V",
    "00069",
    "V",
    "00068",
    "V",
    "00057",
    "V",
    "00016",
    "V",
    "00024",
    "V",
    "00037",
    "V",
    "00021",
    "V",
    "00012",
    "V",
    "00008",
    "V",
    "00007",
    "V",
    "00000",
    "N",
    "00000",
    "N",
    "00000",
    "N",
    "00000",
    "N",
    "00000",
    "N",
    "00000",
    "N",
    "00000",
    "N",
  ],
  Array [
    "28",
    "079",
    "027",
    "14",
    "06",
    "02",
    "2020",
    "06",
    "24",
    "00088",
    "V",
    "00096",
    "V",
    "00085",
    "V",
    "00075",
    "V",
    "00046",
    "V",
    "00060",
    "V",
    "00040",
    "V",
    "00032",
    "V",
    "00034",
    "V",
    "00043",
    "V",
    "00072",
    "V",
    "00068",
    "V",
    "00055",
    "V",
    "00070",
    "V",
    "00079",
    "V",
    "00089",
    "V",
    "00093",
    "V",
    "00000",
    "N",
    "00000",
    "N",
    "00000",
    "N",
    "00000",
    "N",
    "00000",
    "N",
    "00000",
    "N",
    "00000",
    "N",
  ],
  Array [
    "28",
    "079",
    "035",
    "01",
    "38",
    "02",
    "2020",
    "06",
    "24",
    "00006",
    "V",
    "00006",
    "V",
    "00007",
    "V",
    "00006",
    "V",
    "00006",
    "V",
    "00006",
    "V",
    "00006",
    "V",
    "00006",
    "V",
    "00007",
    "V",
    "00007",
    "V",
    "00006",
    "V",
    "00007",
    "V",
    "00006",
    "V",
    "00006",
    "V",
    "00007",
    "V",
    "00007",
    "V",
    "00006",
    "V",
    "00000",
    "N",
    "00000",
    "N",
    "00000",
    "N",
    "00000",
    "N",
    "00000",
    "N",
    "00000",
    "N",
    "00000",
    "N",
  ],
  Array [
    "28",
    "079",
    "035",
    "06",
    "48",
    "02",
    "2020",
    "06",
    "24",
    "000.3",
    "V",
    "000.2",
    "V",
    "000.2",
    "V",
    "000.2",
    "V",
    "000.2",
    "V",
    "000.2",
    "V",
    "000.2",
    "V",
    "000.3",
    "V",
    "000.4",
    "V",
    "000.6",
    "V",
    "000.3",
    "V",
    "000.2",
    "V",
    "000.4",
    "V",
    "000.4",
    "V",
    "000.3",
    "V",
    "000.3",
    "V",
    "000.2",
    "V",
    "00000",
    "N",
    "00000",
    "N",
    "00000",
    "N",
    "00000",
    "N",
    "00000",
    "N",
    "00000",
    "N",
    "00000",
    "N",
  ],
  Array [
    "28",
    "079",
    "035",
    "07",
    "08",
    "02",
    "2020",
    "06",
    "24",
    "00002",
    "V",
    "00001",
    "V",
    "00001",
    "V",
    "00001",
    "V",
    "00001",
    "V",
    "00008",
    "V",
    "00001",
    "V",
    "00004",
    "V",
    "00012",
    "V",
    "00022",
    "V",
    "00011",
    "V",
    "00005",
    "V",
    "00008",
    "V",
    "00008",
    "V",
    "00007",
    "V",
    "00005",
    "V",
    "00006",
    "V",
    "00000",
    "N",
    "00000",
    "N",
    "00000",
    "N",
    "00000",
    "N",
    "00000",
    "N",
    "00000",
    "N",
    "00000",
    "N",
  ],
  Array [
    "28",
    "079",
    "035",
    "08",
    "08",
    "02",
    "2020",
    "06",
    "24",
    "00018",
    "V",
    "00013",
    "V",
    "00013",
    "V",
    "00012",
    "V",
    "00014",
    "V",
    "00028",
    "V",
    "00020",
    "V",
    "00040",
    "V",
    "00057",
    "V",
    "00072",
    "V",
    "00045",
    "V",
    "00032",
    "V",
    "00036",
    "V",
    "00052",
    "V",
    "00037",
    "V",
    "00025",
    "V",
    "00019",
    "V",
    "00000",
    "N",
    "00000",
    "N",
    "00000",
    "N",
    "00000",
    "N",
    "00000",
    "N",
    "00000",
    "N",
    "00000",
    "N",
  ],
  Array [
    "28",
    "079",
    "035",
    "12",
    "08",
    "02",
    "2020",
    "06",
    "24",
    "00022",
    "V",
    "00015",
    "V",
    "00015",
    "V",
    "00014",
    "V",
    "00016",
    "V",
    "00039",
    "V",
    "00022",
    "V",
    "00046",
    "V",
    "00075",
    "V",
    "00106",
    "V",
    "00063",
    "V",
    "00040",
    "V",
    "00048",
    "V",
    "00065",
    "V",
    "00048",
    "V",
    "00033",
    "V",
    "00028",
    "V",
    "00000",
    "N",
    "00000",
    "N",
    "00000",
    "N",
    "00000",
    "N",
    "00000",
    "N",
    "00000",
    "N",
    "00000",
    "N",
  ],
  Array [
    "28",
    "079",
    "035",
    "14",
    "06",
    "02",
    "2020",
    "06",
    "24",
    "00089",
    "V",
    "00086",
    "V",
    "00082",
    "V",
    "00071",
    "V",
    "00067",
    "V",
    "00050",
    "V",
    "00056",
    "V",
    "00039",
    "V",
    "00027",
    "V",
    "00018",
    "V",
    "00047",
    "V",
    "00060",
    "V",
    "00049",
    "V",
    "00039",
    "V",
    "00062",
    "V",
    "00086",
    "V",
    "00096",
    "V",
    "00000",
    "N",
    "00000",
    "N",
    "00000",
    "N",
    "00000",
    "N",
    "00000",
    "N",
    "00000",
    "N",
    "00000",
    "N",
  ],
  Array [
    "28",
    "079",
    "036",
    "01",
    "38",
    "02",
    "2020",
    "06",
    "24",
    "00006",
    "V",
    "00007",
    "V",
    "00007",
    "V",
    "00007",
    "V",
    "00006",
    "V",
    "00006",
    "V",
    "00006",
    "V",
    "00006",
    "V",
    "00007",
    "V",
    "00007",
    "V",
    "00006",
    "V",
    "00006",
    "V",
    "00007",
    "V",
    "00007",
    "V",
    "00007",
    "V",
    "00006",
    "V",
    "00006",
    "V",
    "00000",
    "N",
    "00000",
    "N",
    "00000",
    "N",
    "00000",
    "N",
    "00000",
    "N",
    "00000",
    "N",
    "00000",
    "N",
  ],
  Array [
    "28",
    "079",
    "036",
    "06",
    "48",
    "02",
    "2020",
    "06",
    "24",
    "000.1",
    "V",
    "000.1",
    "V",
    "000.1",
    "V",
    "000.1",
    "V",
    "000.1",
    "V",
    "000.1",
    "V",
    "000.2",
    "V",
    "000.3",
    "V",
    "000.2",
    "V",
    "000.2",
    "V",
    "000.2",
    "V",
    "000.2",
    "V",
    "000.2",
    "V",
    "000.2",
    "V",
    "000.2",
    "V",
    "000.1",
    "V",
    "000.1",
    "V",
    "00000",
    "N",
    "00000",
    "N",
    "00000",
    "N",
    "00000",
    "N",
    "00000",
    "N",
    "00000",
    "N",
    "00000",
    "N",
  ],
  Array [
    "28",
    "079",
    "036",
    "07",
    "08",
    "02",
    "2020",
    "06",
    "24",
    "00002",
    "V",
    "00001",
    "V",
    "00001",
    "V",
    "00001",
    "V",
    "00001",
    "V",
    "00002",
    "V",
    "00002",
    "V",
    "00003",
    "V",
    "00004",
    "V",
    "00003",
    "V",
    "00002",
    "V",
    "00002",
    "V",
    "00002",
    "V",
    "00002",
    "V",
    "00002",
    "V",
    "00001",
    "V",
    "00001",
    "V",
    "00000",
    "N",
    "00000",
    "N",
    "00000",
    "N",
    "00000",
    "N",
    "00000",
    "N",
    "00000",
    "N",
    "00000",
    "N",
  ],
  Array [
    "28",
    "079",
    "036",
    "08",
    "08",
    "02",
    "2020",
    "06",
    "24",
    "00023",
    "V",
    "00015",
    "V",
    "00012",
    "V",
    "00008",
    "V",
    "00006",
    "V",
    "00008",
    "V",
    "00014",
    "V",
    "00031",
    "V",
    "00045",
    "V",
    "00046",
    "V",
    "00036",
    "V",
    "00034",
    "V",
    "00037",
    "V",
    "00037",
    "V",
    "00029",
    "V",
    "00018",
    "V",
    "00014",
    "V",
    "00000",
    "N",
    "00000",
    "N",
    "00000",
    "N",
    "00000",
    "N",
    "00000",
    "N",
    "00000",
    "N",
    "00000",
    "N",
  ],
  Array [
    "28",
    "079",
    "036",
    "10",
    "47",
    "02",
    "2020",
    "06",
    "24",
    "00025",
    "V",
    "00025",
    "V",
    "00025",
    "V",
    "00032",
    "V",
    "00026",
    "V",
    "00021",
    "V",
    "00029",
    "V",
    "00028",
    "V",
    "00019",
    "V",
    "00023",
    "V",
    "00025",
    "V",
    "00019",
    "V",
    "00042",
    "V",
    "00031",
    "V",
    "00035",
    "V",
    "00027",
    "V",
    "00025",
    "V",
    "00000",
    "N",
    "00000",
    "N",
    "00000",
    "N",
    "00000",
    "N",
    "00000",
    "N",
    "00000",
    "N",
    "00000",
    "N",
  ],
  Array [
    "28",
    "079",
    "036",
    "12",
    "08",
    "02",
    "2020",
    "06",
    "24",
    "00025",
    "V",
    "00017",
    "V",
    "00014",
    "V",
    "00010",
    "V",
    "00008",
    "V",
    "00010",
    "V",
    "00016",
    "V",
    "00036",
    "V",
    "00051",
    "V",
    "00050",
    "V",
    "00039",
    "V",
    "00037",
    "V",
    "00040",
    "V",
    "00040",
    "V",
    "00031",
    "V",
    "00020",
    "V",
    "00015",
    "V",
    "00000",
    "N",
    "00000",
    "N",
    "00000",
    "N",
    "00000",
    "N",
    "00000",
    "N",
    "00000",
    "N",
    "00000",
    "N",
  ],
  Array [
    "28",
    "079",
    "038",
    "01",
    "38",
    "02",
    "2020",
    "06",
    "24",
    "00005",
    "V",
    "00005",
    "V",
    "00006",
    "V",
    "00005",
    "V",
    "00006",
    "V",
    "00006",
    "V",
    "00006",
    "V",
    "00006",
    "V",
    "00007",
    "V",
    "00006",
    "V",
    "00005",
    "V",
    "00006",
    "V",
    "00006",
    "V",
    "00005",
    "V",
    "00005",
    "V",
    "00006",
    "V",
    "00006",
    "V",
    "00000",
    "N",
    "00000",
    "N",
    "00000",
    "N",
    "00000",
    "N",
    "00000",
    "N",
    "00000",
    "N",
    "00000",
    "N",
  ],
  Array [
    "28",
    "079",
    "038",
    "07",
    "08",
    "02",
    "2020",
    "06",
    "24",
    "00001",
    "V",
    "00001",
    "V",
    "00001",
    "V",
    "00001",
    "V",
    "00001",
    "V",
    "00001",
    "V",
    "00005",
    "V",
    "00010",
    "V",
    "00025",
    "V",
    "00026",
    "V",
    "00006",
    "V",
    "00003",
    "V",
    "00011",
    "V",
    "00014",
    "V",
    "00006",
    "V",
    "00005",
    "V",
    "00005",
    "V",
    "00000",
    "N",
    "00000",
    "N",
    "00000",
    "N",
    "00000",
    "N",
    "00000",
    "N",
    "00000",
    "N",
    "00000",
    "N",
  ],
  Array [
    "28",
    "079",
    "038",
    "08",
    "08",
    "02",
    "2020",
    "06",
    "24",
    "00015",
    "V",
    "00009",
    "V",
    "00011",
    "V",
    "00008",
    "V",
    "00010",
    "V",
    "00010",
    "V",
    "00021",
    "V",
    "00045",
    "V",
    "00064",
    "V",
    "00069",
    "V",
    "00034",
    "V",
    "00031",
    "V",
    "00041",
    "V",
    "00050",
    "V",
    "00029",
    "V",
    "00020",
    "V",
    "00020",
    "V",
    "00000",
    "N",
    "00000",
    "N",
    "00000",
    "N",
    "00000",
    "N",
    "00000",
    "N",
    "00000",
    "N",
    "00000",
    "N",
  ],
  Array [
    "28",
    "079",
    "038",
    "09",
    "47",
    "02",
    "2020",
    "06",
    "24",
    "00014",
    "V",
    "00012",
    "V",
    "00006",
    "V",
    "00007",
    "V",
    "00007",
    "V",
    "00010",
    "V",
    "00009",
    "V",
    "00011",
    "V",
    "00013",
    "V",
    "00014",
    "V",
    "00014",
    "V",
    "00010",
    "V",
    "00012",
    "V",
    "00018",
    "V",
    "00015",
    "V",
    "00006",
    "V",
    "00010",
    "V",
    "00000",
    "N",
    "00000",
    "N",
    "00000",
    "N",
    "00000",
    "N",
    "00000",
    "N",
    "00000",
    "N",
    "00000",
    "N",
  ],
  Array [
    "28",
    "079",
    "038",
    "10",
    "47",
    "02",
    "2020",
    "06",
    "24",
    "00030",
    "V",
    "00031",
    "V",
    "00021",
    "V",
    "00021",
    "V",
    "00019",
    "V",
    "00021",
    "V",
    "00020",
    "V",
    "00027",
    "V",
    "00033",
    "V",
    "00037",
    "V",
    "00041",
    "V",
    "00039",
    "V",
    "00044",
    "V",
    "00056",
    "V",
    "00051",
    "V",
    "00033",
    "V",
    "00024",
    "V",
    "00000",
    "N",
    "00000",
    "N",
    "00000",
    "N",
    "00000",
    "N",
    "00000",
    "N",
    "00000",
    "N",
    "00000",
    "N",
  ],
  Array [
    "28",
    "079",
    "038",
    "12",
    "08",
    "02",
    "2020",
    "06",
    "24",
    "00017",
    "V",
    "00011",
    "V",
    "00013",
    "V",
    "00010",
    "V",
    "00011",
    "V",
    "00012",
    "V",
    "00028",
    "V",
    "00060",
    "V",
    "00102",
    "V",
    "00108",
    "V",
    "00043",
    "V",
    "00037",
    "V",
    "00058",
    "V",
    "00071",
    "V",
    "00039",
    "V",
    "00027",
    "V",
    "00028",
    "V",
    "00000",
    "N",
    "00000",
    "N",
    "00000",
    "N",
    "00000",
    "N",
    "00000",
    "N",
    "00000",
    "N",
    "00000",
    "N",
  ],
  Array [
    "28",
    "079",
    "038",
    "20",
    "59",
    "02",
    "2020",
    "06",
    "24",
    "003.7",
    "V",
    "002.1",
    "V",
    "001.6",
    "V",
    "001.3",
    "V",
    "001.0",
    "V",
    "001.0",
    "V",
    "001.1",
    "V",
    "001.2",
    "V",
    "001.7",
    "V",
    "002.2",
    "V",
    "003.3",
    "V",
    "002.4",
    "V",
    "002.0",
    "V",
    "002.8",
    "V",
    "003.3",
    "V",
    "002.2",
    "V",
    "001.4",
    "V",
    "00000",
    "N",
    "00000",
    "N",
    "00000",
    "N",
    "00000",
    "N",
    "00000",
    "N",
    "00000",
    "N",
    "00000",
    "N",
  ],
  Array [
    "28",
    "079",
    "038",
    "30",
    "59",
    "02",
    "2020",
    "06",
    "24",
    "000.6",
    "V",
    "000.4",
    "V",
    "000.2",
    "V",
    "000.1",
    "V",
    "000.1",
    "V",
    "000.1",
    "V",
    "000.1",
    "V",
    "000.2",
    "V",
    "000.3",
    "V",
    "000.4",
    "V",
    "000.4",
    "V",
    "000.3",
    "V",
    "000.2",
    "V",
    "000.3",
    "V",
    "000.3",
    "V",
    "000.2",
    "V",
    "000.2",
    "V",
    "00000",
    "N",
    "00000",
    "N",
    "00000",
    "N",
    "00000",
    "N",
    "00000",
    "N",
    "00000",
    "N",
    "00000",
    "N",
  ],
  Array [
    "28",
    "079",
    "038",
    "35",
    "59",
    "02",
    "2020",
    "06",
    "24",
    "003.4",
    "V",
    "002.4",
    "V",
    "001.9",
    "V",
    "001.6",
    "V",
    "001.3",
    "V",
    "001.2",
    "V",
    "001.2",
    "V",
    "001.2",
    "V",
    "001.3",
    "V",
    "001.4",
    "V",
    "001.6",
    "V",
    "001.2",
    "V",
    "001.0",
    "V",
    "001.1",
    "V",
    "001.2",
    "V",
    "001.0",
    "V",
    "001.0",
    "V",
    "00000",
    "N",
    "00000",
    "N",
    "00000",
    "N",
    "00000",
    "N",
    "00000",
    "N",
    "00000",
    "N",
    "00000",
    "N",
  ],
  Array [
    "28",
    "079",
    "039",
    "06",
    "48",
    "02",
    "2020",
    "06",
    "24",
    "000.2",
    "V",
    "000.2",
    "V",
    "000.2",
    "V",
    "000.2",
    "V",
    "000.2",
    "V",
    "000.2",
    "V",
    "000.2",
    "V",
    "000.3",
    "V",
    "000.4",
    "V",
    "000.3",
    "V",
    "000.3",
    "V",
    "000.3",
    "V",
    "000.3",
    "V",
    "000.3",
    "V",
    "000.2",
    "V",
    "000.2",
    "V",
    "000.2",
    "V",
    "00000",
    "N",
    "00000",
    "N",
    "00000",
    "N",
    "00000",
    "N",
    "00000",
    "N",
    "00000",
    "N",
    "00000",
    "N",
  ],
  Array [
    "28",
    "079",
    "039",
    "07",
    "08",
    "02",
    "2020",
    "06",
    "24",
    "00001",
    "V",
    "00001",
    "V",
    "00001",
    "V",
    "00001",
    "V",
    "00001",
    "V",
    "00001",
    "V",
    "00001",
    "V",
    "00005",
    "V",
    "00011",
    "V",
    "00007",
    "V",
    "00003",
    "V",
    "00003",
    "V",
    "00004",
    "V",
    "00003",
    "V",
    "00003",
    "V",
    "00002",
    "V",
    "00001",
    "V",
    "00000",
    "N",
    "00000",
    "N",
    "00000",
    "N",
    "00000",
    "N",
    "00000",
    "N",
    "00000",
    "N",
    "00000",
    "N",
  ],
  Array [
    "28",
    "079",
    "039",
    "08",
    "08",
    "02",
    "2020",
    "06",
    "24",
    "00013",
    "V",
    "00009",
    "V",
    "00008",
    "V",
    "00008",
    "V",
    "00007",
    "V",
    "00012",
    "V",
    "00020",
    "V",
    "00064",
    "V",
    "00075",
    "V",
    "00054",
    "V",
    "00034",
    "V",
    "00041",
    "V",
    "00039",
    "V",
    "00042",
    "V",
    "00024",
    "V",
    "00013",
    "V",
    "00011",
    "V",
    "00000",
    "N",
    "00000",
    "N",
    "00000",
    "N",
    "00000",
    "N",
    "00000",
    "N",
    "00000",
    "N",
    "00000",
    "N",
  ],
  Array [
    "28",
    "079",
    "039",
    "12",
    "08",
    "02",
    "2020",
    "06",
    "24",
    "00014",
    "V",
    "00010",
    "V",
    "00009",
    "V",
    "00010",
    "V",
    "00008",
    "V",
    "00014",
    "V",
    "00022",
    "V",
    "00071",
    "V",
    "00091",
    "V",
    "00065",
    "V",
    "00038",
    "V",
    "00045",
    "V",
    "00045",
    "V",
    "00047",
    "V",
    "00029",
    "V",
    "00015",
    "V",
    "00013",
    "V",
    "00000",
    "N",
    "00000",
    "N",
    "00000",
    "N",
    "00000",
    "N",
    "00000",
    "N",
    "00000",
    "N",
    "00000",
    "N",
  ],
  Array [
    "28",
    "079",
    "039",
    "14",
    "06",
    "02",
    "2020",
    "06",
    "24",
    "00096",
    "V",
    "00091",
    "V",
    "00089",
    "V",
    "00082",
    "V",
    "00079",
    "V",
    "00067",
    "V",
    "00063",
    "V",
    "00025",
    "V",
    "00019",
    "V",
    "00037",
    "V",
    "00059",
    "V",
    "00053",
    "V",
    "00056",
    "V",
    "00054",
    "V",
    "00073",
    "V",
    "00088",
    "V",
    "00094",
    "V",
    "00000",
    "N",
    "00000",
    "N",
    "00000",
    "N",
    "00000",
    "N",
    "00000",
    "N",
    "00000",
    "N",
    "00000",
    "N",
  ],
  Array [
    "28",
    "079",
    "040",
    "01",
    "38",
    "02",
    "2020",
    "06",
    "24",
    "00006",
    "V",
    "00006",
    "V",
    "00006",
    "V",
    "00006",
    "V",
    "00006",
    "V",
    "00006",
    "V",
    "00006",
    "V",
    "00006",
    "V",
    "00006",
    "V",
    "00006",
    "V",
    "00006",
    "V",
    "00006",
    "V",
    "00006",
    "V",
    "00006",
    "V",
    "00006",
    "V",
    "00005",
    "V",
    "00006",
    "V",
    "00000",
    "N",
    "00000",
    "N",
    "00000",
    "N",
    "00000",
    "N",
    "00000",
    "N",
    "00000",
    "N",
    "00000",
    "N",
  ],
  Array [
    "28",
    "079",
    "040",
    "07",
    "08",
    "02",
    "2020",
    "06",
    "24",
    "00001",
    "V",
    "00001",
    "V",
    "00001",
    "V",
    "00001",
    "V",
    "00001",
    "V",
    "00001",
    "V",
    "00001",
    "V",
    "00012",
    "V",
    "00016",
    "V",
    "00010",
    "V",
    "00004",
    "V",
    "00005",
    "V",
    "00004",
    "V",
    "00006",
    "V",
    "00004",
    "V",
    "00002",
    "V",
    "00002",
    "V",
    "00000",
    "N",
    "00000",
    "N",
    "00000",
    "N",
    "00000",
    "N",
    "00000",
    "N",
    "00000",
    "N",
    "00000",
    "N",
  ],
  Array [
    "28",
    "079",
    "040",
    "08",
    "08",
    "02",
    "2020",
    "06",
    "24",
    "00018",
    "V",
    "00018",
    "V",
    "00011",
    "V",
    "00008",
    "V",
    "00008",
    "V",
    "00015",
    "V",
    "00031",
    "V",
    "00067",
    "V",
    "00077",
    "V",
    "00042",
    "V",
    "00034",
    "V",
    "00033",
    "V",
    "00032",
    "V",
    "00044",
    "V",
    "00027",
    "V",
    "00014",
    "V",
    "00016",
    "V",
    "00000",
    "N",
    "00000",
    "N",
    "00000",
    "N",
    "00000",
    "N",
    "00000",
    "N",
    "00000",
    "N",
    "00000",
    "N",
  ],
  Array [
    "28",
    "079",
    "040",
    "10",
    "47",
    "02",
    "2020",
    "06",
    "24",
    "00027",
    "V",
    "00029",
    "V",
    "00073",
    "V",
    "00034",
    "V",
    "00025",
    "V",
    "00022",
    "V",
    "00023",
    "V",
    "00030",
    "V",
    "00037",
    "V",
    "00030",
    "V",
    "00033",
    "V",
    "00044",
    "V",
    "00034",
    "V",
    "00058",
    "V",
    "00045",
    "V",
    "00020",
    "V",
    "00020",
    "V",
    "00000",
    "N",
    "00000",
    "N",
    "00000",
    "N",
    "00000",
    "N",
    "00000",
    "N",
    "00000",
    "N",
    "00000",
    "N",
  ],
  Array [
    "28",
    "079",
    "040",
    "12",
    "08",
    "02",
    "2020",
    "06",
    "24",
    "00019",
    "V",
    "00020",
    "V",
    "00012",
    "V",
    "00009",
    "V",
    "00009",
    "V",
    "00017",
    "V",
    "00033",
    "V",
    "00086",
    "V",
    "00102",
    "V",
    "00057",
    "V",
    "00040",
    "V",
    "00041",
    "V",
    "00039",
    "V",
    "00053",
    "V",
    "00033",
    "V",
    "00017",
    "V",
    "00020",
    "V",
    "00000",
    "N",
    "00000",
    "N",
    "00000",
    "N",
    "00000",
    "N",
    "00000",
    "N",
    "00000",
    "N",
    "00000",
    "N",
  ],
  Array [
    "28",
    "079",
    "047",
    "07",
    "08",
    "02",
    "2020",
    "06",
    "24",
    "00002",
    "V",
    "00001",
    "V",
    "00001",
    "V",
    "00001",
    "V",
    "00001",
    "V",
    "00001",
    "V",
    "00001",
    "V",
    "00004",
    "V",
    "00006",
    "V",
    "00008",
    "V",
    "00003",
    "V",
    "00001",
    "V",
    "00002",
    "V",
    "00006",
    "V",
    "00003",
    "V",
    "00003",
    "V",
    "00002",
    "V",
    "00000",
    "N",
    "00000",
    "N",
    "00000",
    "N",
    "00000",
    "N",
    "00000",
    "N",
    "00000",
    "N",
    "00000",
    "N",
  ],
  Array [
    "28",
    "079",
    "047",
    "08",
    "08",
    "02",
    "2020",
    "06",
    "24",
    "00017",
    "V",
    "00016",
    "V",
    "00012",
    "V",
    "00008",
    "V",
    "00008",
    "V",
    "00012",
    "V",
    "00036",
    "V",
    "00058",
    "V",
    "00059",
    "V",
    "00047",
    "V",
    "00036",
    "V",
    "00018",
    "V",
    "00028",
    "V",
    "00052",
    "V",
    "00025",
    "V",
    "00021",
    "V",
    "00020",
    "V",
    "00000",
    "N",
    "00000",
    "N",
    "00000",
    "N",
    "00000",
    "N",
    "00000",
    "N",
    "00000",
    "N",
    "00000",
    "N",
  ],
  Array [
    "28",
    "079",
    "047",
    "09",
    "47",
    "02",
    "2020",
    "06",
    "24",
    "00011",
    "V",
    "00011",
    "V",
    "00014",
    "V",
    "00003",
    "V",
    "00009",
    "V",
    "00015",
    "V",
    "00006",
    "V",
    "00005",
    "V",
    "00009",
    "V",
    "00007",
    "V",
    "00008",
    "V",
    "00005",
    "V",
    "00012",
    "V",
    "00004",
    "V",
    "00017",
    "V",
    "00014",
    "V",
    "00007",
    "V",
    "00000",
    "N",
    "00000",
    "N",
    "00000",
    "N",
    "00000",
    "N",
    "00000",
    "N",
    "00000",
    "N",
    "00000",
    "N",
  ],
  Array [
    "28",
    "079",
    "047",
    "10",
    "47",
    "02",
    "2020",
    "06",
    "24",
    "00028",
    "V",
    "00023",
    "V",
    "00028",
    "V",
    "00017",
    "V",
    "00022",
    "V",
    "00024",
    "V",
    "00016",
    "V",
    "00017",
    "V",
    "00023",
    "V",
    "00024",
    "V",
    "00026",
    "V",
    "00026",
    "V",
    "00034",
    "V",
    "00033",
    "V",
    "00051",
    "V",
    "00033",
    "V",
    "00021",
    "V",
    "00000",
    "N",
    "00000",
    "N",
    "00000",
    "N",
    "00000",
    "N",
    "00000",
    "N",
    "00000",
    "N",
    "00000",
    "N",
  ],
  Array [
    "28",
    "079",
    "047",
    "12",
    "08",
    "02",
    "2020",
    "06",
    "24",
    "00020",
    "V",
    "00017",
    "V",
    "00014",
    "V",
    "00009",
    "V",
    "00009",
    "V",
    "00013",
    "V",
    "00038",
    "V",
    "00063",
    "V",
    "00068",
    "V",
    "00059",
    "V",
    "00041",
    "V",
    "00020",
    "V",
    "00032",
    "V",
    "00061",
    "V",
    "00029",
    "V",
    "00026",
    "V",
    "00024",
    "V",
    "00000",
    "N",
    "00000",
    "N",
    "00000",
    "N",
    "00000",
    "N",
    "00000",
    "N",
    "00000",
    "N",
    "00000",
    "N",
  ],
  Array [
    "28",
    "079",
    "048",
    "07",
    "08",
    "02",
    "2020",
    "06",
    "24",
    "00001",
    "V",
    "00001",
    "V",
    "00001",
    "V",
    "00001",
    "V",
    "00001",
    "V",
    "00001",
    "V",
    "00001",
    "V",
    "00004",
    "V",
    "00002",
    "V",
    "00005",
    "V",
    "00003",
    "V",
    "00003",
    "V",
    "00003",
    "V",
    "00002",
    "V",
    "00005",
    "V",
    "00001",
    "V",
    "00001",
    "V",
    "00000",
    "N",
    "00000",
    "N",
    "00000",
    "N",
    "00000",
    "N",
    "00000",
    "N",
    "00000",
    "N",
    "00000",
    "N",
  ],
  Array [
    "28",
    "079",
    "048",
    "08",
    "08",
    "02",
    "2020",
    "06",
    "24",
    "00010",
    "V",
    "00008",
    "V",
    "00009",
    "V",
    "00008",
    "V",
    "00007",
    "V",
    "00009",
    "V",
    "00013",
    "V",
    "00034",
    "V",
    "00044",
    "V",
    "00048",
    "V",
    "00040",
    "V",
    "00045",
    "V",
    "00040",
    "V",
    "00038",
    "V",
    "00034",
    "V",
    "00012",
    "V",
    "00009",
    "V",
    "00000",
    "N",
    "00000",
    "N",
    "00000",
    "N",
    "00000",
    "N",
    "00000",
    "N",
    "00000",
    "N",
    "00000",
    "N",
  ],
  Array [
    "28",
    "079",
    "048",
    "09",
    "47",
    "02",
    "2020",
    "06",
    "24",
    "00019",
    "V",
    "00008",
    "V",
    "00003",
    "V",
    "00002",
    "V",
    "00004",
    "V",
    "00004",
    "V",
    "00016",
    "V",
    "00008",
    "V",
    "00012",
    "V",
    "00007",
    "V",
    "00021",
    "V",
    "00012",
    "V",
    "00017",
    "V",
    "00015",
    "V",
    "00010",
    "V",
    "00010",
    "V",
    "00005",
    "V",
    "00000",
    "N",
    "00000",
    "N",
    "00000",
    "N",
    "00000",
    "N",
    "00000",
    "N",
    "00000",
    "N",
    "00000",
    "N",
  ],
  Array [
    "28",
    "079",
    "048",
    "10",
    "47",
    "02",
    "2020",
    "06",
    "24",
    "00028",
    "V",
    "00020",
    "V",
    "00014",
    "V",
    "00008",
    "V",
    "00012",
    "V",
    "00012",
    "V",
    "00022",
    "V",
    "00015",
    "V",
    "00021",
    "V",
    "00020",
    "V",
    "00033",
    "V",
    "00029",
    "V",
    "00037",
    "V",
    "00036",
    "V",
    "00030",
    "V",
    "00025",
    "V",
    "00014",
    "V",
    "00000",
    "N",
    "00000",
    "N",
    "00000",
    "N",
    "00000",
    "N",
    "00000",
    "N",
    "00000",
    "N",
    "00000",
    "N",
  ],
  Array [
    "28",
    "079",
    "048",
    "12",
    "08",
    "02",
    "2020",
    "06",
    "24",
    "00012",
    "V",
    "00009",
    "V",
    "00010",
    "V",
    "00009",
    "V",
    "00009",
    "V",
    "00011",
    "V",
    "00015",
    "V",
    "00041",
    "V",
    "00047",
    "V",
    "00056",
    "V",
    "00045",
    "V",
    "00050",
    "V",
    "00046",
    "V",
    "00041",
    "V",
    "00042",
    "V",
    "00014",
    "V",
    "00010",
    "V",
    "00000",
    "N",
    "00000",
    "N",
    "00000",
    "N",
    "00000",
    "N",
    "00000",
    "N",
    "00000",
    "N",
    "00000",
    "N",
  ],
  Array [
    "28",
    "079",
    "049",
    "07",
    "08",
    "02",
    "2020",
    "06",
    "24",
    "00003",
    "V",
    "00003",
    "V",
    "00003",
    "V",
    "00003",
    "V",
    "00003",
    "V",
    "00003",
    "V",
    "00003",
    "V",
    "00004",
    "V",
    "00004",
    "V",
    "00005",
    "V",
    "00004",
    "V",
    "00004",
    "V",
    "00004",
    "V",
    "00005",
    "V",
    "00004",
    "V",
    "00004",
    "V",
    "00003",
    "V",
    "00000",
    "N",
    "00000",
    "N",
    "00000",
    "N",
    "00000",
    "N",
    "00000",
    "N",
    "00000",
    "N",
    "00000",
    "N",
  ],
  Array [
    "28",
    "079",
    "049",
    "08",
    "08",
    "02",
    "2020",
    "06",
    "24",
    "00010",
    "V",
    "00010",
    "V",
    "00008",
    "V",
    "00003",
    "V",
    "00003",
    "V",
    "00006",
    "V",
    "00009",
    "V",
    "00016",
    "V",
    "00027",
    "V",
    "00038",
    "V",
    "00022",
    "V",
    "00025",
    "V",
    "00018",
    "V",
    "00038",
    "V",
    "00021",
    "V",
    "00011",
    "V",
    "00008",
    "V",
    "00000",
    "N",
    "00000",
    "N",
    "00000",
    "N",
    "00000",
    "N",
    "00000",
    "N",
    "00000",
    "N",
    "00000",
    "N",
  ],
  Array [
    "28",
    "079",
    "049",
    "12",
    "08",
    "02",
    "2020",
    "06",
    "24",
    "00016",
    "V",
    "00015",
    "V",
    "00013",
    "V",
    "00008",
    "V",
    "00008",
    "V",
    "00011",
    "V",
    "00014",
    "V",
    "00021",
    "V",
    "00033",
    "V",
    "00047",
    "V",
    "00028",
    "V",
    "00032",
    "V",
    "00024",
    "V",
    "00045",
    "V",
    "00028",
    "V",
    "00016",
    "V",
    "00014",
    "V",
    "00000",
    "N",
    "00000",
    "N",
    "00000",
    "N",
    "00000",
    "N",
    "00000",
    "N",
    "00000",
    "N",
    "00000",
    "N",
  ],
  Array [
    "28",
    "079",
    "049",
    "14",
    "06",
    "02",
    "2020",
    "06",
    "24",
    "00084",
    "V",
    "00079",
    "V",
    "00073",
    "V",
    "00072",
    "V",
    "00065",
    "V",
    "00051",
    "V",
    "00046",
    "V",
    "00034",
    "V",
    "00022",
    "V",
    "00027",
    "V",
    "00049",
    "V",
    "00050",
    "V",
    "00051",
    "V",
    "00045",
    "V",
    "00066",
    "V",
    "00088",
    "V",
    "00095",
    "V",
    "00000",
    "N",
    "00000",
    "N",
    "00000",
    "N",
    "00000",
    "N",
    "00000",
    "N",
    "00000",
    "N",
    "00000",
    "N",
  ],
  Array [
    "28",
    "079",
    "050",
    "07",
    "08",
    "02",
    "2020",
    "06",
    "24",
    "00001",
    "V",
    "00001",
    "V",
    "00001",
    "V",
    "00002",
    "V",
    "00001",
    "V",
    "00001",
    "V",
    "00001",
    "V",
    "00002",
    "V",
    "00010",
    "V",
    "00015",
    "V",
    "00003",
    "V",
    "00003",
    "V",
    "00009",
    "V",
    "00005",
    "V",
    "00003",
    "V",
    "00002",
    "V",
    "00002",
    "V",
    "00000",
    "N",
    "00000",
    "N",
    "00000",
    "N",
    "00000",
    "N",
    "00000",
    "N",
    "00000",
    "N",
    "00000",
    "N",
  ],
  Array [
    "28",
    "079",
    "050",
    "08",
    "08",
    "02",
    "2020",
    "06",
    "24",
    "00010",
    "V",
    "00007",
    "V",
    "00008",
    "V",
    "00007",
    "V",
    "00010",
    "V",
    "00008",
    "V",
    "00014",
    "V",
    "00033",
    "V",
    "00052",
    "V",
    "00059",
    "V",
    "00026",
    "V",
    "00036",
    "V",
    "00044",
    "V",
    "00037",
    "V",
    "00018",
    "V",
    "00010",
    "V",
    "00007",
    "V",
    "00000",
    "N",
    "00000",
    "N",
    "00000",
    "N",
    "00000",
    "N",
    "00000",
    "N",
    "00000",
    "N",
    "00000",
    "N",
  ],
  Array [
    "28",
    "079",
    "050",
    "09",
    "47",
    "02",
    "2020",
    "06",
    "24",
    "00006",
    "V",
    "00001",
    "V",
    "00003",
    "V",
    "00002",
    "V",
    "00001",
    "V",
    "00003",
    "V",
    "00002",
    "V",
    "00002",
    "V",
    "00001",
    "V",
    "00012",
    "V",
    "00016",
    "V",
    "00006",
    "V",
    "00011",
    "V",
    "00010",
    "V",
    "00017",
    "V",
    "00019",
    "V",
    "00008",
    "V",
    "00000",
    "N",
    "00000",
    "N",
    "00000",
    "N",
    "00000",
    "N",
    "00000",
    "N",
    "00000",
    "N",
    "00000",
    "N",
  ],
  Array [
    "28",
    "079",
    "050",
    "10",
    "47",
    "02",
    "2020",
    "06",
    "24",
    "00017",
    "V",
    "00008",
    "V",
    "00014",
    "V",
    "00014",
    "V",
    "00010",
    "V",
    "00013",
    "V",
    "00011",
    "V",
    "00011",
    "V",
    "00015",
    "V",
    "00032",
    "V",
    "00033",
    "V",
    "00022",
    "V",
    "00032",
    "V",
    "00035",
    "V",
    "00037",
    "V",
    "00035",
    "V",
    "00017",
    "V",
    "00000",
    "N",
    "00000",
    "N",
    "00000",
    "N",
    "00000",
    "N",
    "00000",
    "N",
    "00000",
    "N",
    "00000",
    "N",
  ],
  Array [
    "28",
    "079",
    "050",
    "12",
    "08",
    "02",
    "2020",
    "06",
    "24",
    "00011",
    "V",
    "00009",
    "V",
    "00010",
    "V",
    "00010",
    "V",
    "00011",
    "V",
    "00010",
    "V",
    "00016",
    "V",
    "00036",
    "V",
    "00067",
    "V",
    "00081",
    "V",
    "00030",
    "V",
    "00041",
    "V",
    "00057",
    "V",
    "00045",
    "V",
    "00022",
    "V",
    "00013",
    "V",
    "00010",
    "V",
    "00000",
    "N",
    "00000",
    "N",
    "00000",
    "N",
    "00000",
    "N",
    "00000",
    "N",
    "00000",
    "N",
    "00000",
    "N",
  ],
  Array [
    "28",
    "079",
    "054",
    "07",
    "08",
    "02",
    "2020",
    "06",
    "24",
    "00001",
    "V",
    "00001",
    "V",
    "00001",
    "V",
    "00001",
    "V",
    "00001",
    "V",
    "00001",
    "V",
    "00002",
    "V",
    "00014",
    "V",
    "00009",
    "V",
    "00007",
    "V",
    "00005",
    "V",
    "00004",
    "V",
    "00005",
    "V",
    "00005",
    "V",
    "00003",
    "V",
    "00002",
    "V",
    "00002",
    "V",
    "00000",
    "N",
    "00000",
    "N",
    "00000",
    "N",
    "00000",
    "N",
    "00000",
    "N",
    "00000",
    "N",
    "00000",
    "N",
  ],
  Array [
    "28",
    "079",
    "054",
    "08",
    "08",
    "02",
    "2020",
    "06",
    "24",
    "00028",
    "V",
    "00022",
    "V",
    "00014",
    "V",
    "00013",
    "V",
    "00011",
    "V",
    "00023",
    "V",
    "00036",
    "V",
    "00072",
    "V",
    "00063",
    "V",
    "00047",
    "V",
    "00037",
    "V",
    "00032",
    "V",
    "00035",
    "V",
    "00042",
    "V",
    "00030",
    "V",
    "00022",
    "V",
    "00022",
    "V",
    "00000",
    "N",
    "00000",
    "N",
    "00000",
    "N",
    "00000",
    "N",
    "00000",
    "N",
    "00000",
    "N",
    "00000",
    "N",
  ],
  Array [
    "28",
    "079",
    "054",
    "12",
    "08",
    "02",
    "2020",
    "06",
    "24",
    "00030",
    "V",
    "00024",
    "V",
    "00016",
    "V",
    "00014",
    "V",
    "00013",
    "V",
    "00025",
    "V",
    "00039",
    "V",
    "00093",
    "V",
    "00077",
    "V",
    "00058",
    "V",
    "00044",
    "V",
    "00038",
    "V",
    "00043",
    "V",
    "00051",
    "V",
    "00035",
    "V",
    "00025",
    "V",
    "00024",
    "V",
    "00000",
    "N",
    "00000",
    "N",
    "00000",
    "N",
    "00000",
    "N",
    "00000",
    "N",
    "00000",
    "N",
    "00000",
    "N",
  ],
  Array [
    "28",
    "079",
    "054",
    "14",
    "06",
    "02",
    "2020",
    "06",
    "24",
    "00082",
    "V",
    "00078",
    "V",
    "00083",
    "V",
    "00079",
    "V",
    "00079",
    "V",
    "00063",
    "V",
    "00049",
    "V",
    "00020",
    "V",
    "00031",
    "V",
    "00050",
    "V",
    "00065",
    "V",
    "00069",
    "V",
    "00059",
    "V",
    "00058",
    "V",
    "00077",
    "V",
    "00094",
    "V",
    "00101",
    "V",
    "00000",
    "N",
    "00000",
    "N",
    "00000",
    "N",
    "00000",
    "N",
    "00000",
    "N",
    "00000",
    "N",
    "00000",
    "N",
  ],
  Array [
    "28",
    "079",
    "055",
    "07",
    "08",
    "02",
    "2020",
    "06",
    "24",
    "00001",
    "V",
    "00001",
    "V",
    "00001",
    "V",
    "00001",
    "V",
    "00001",
    "V",
    "00001",
    "V",
    "00002",
    "V",
    "00008",
    "V",
    "00012",
    "V",
    "00006",
    "V",
    "00003",
    "V",
    "00002",
    "V",
    "00004",
    "V",
    "00003",
    "V",
    "00003",
    "V",
    "00002",
    "V",
    "00001",
    "V",
    "00000",
    "N",
    "00000",
    "N",
    "00000",
    "N",
    "00000",
    "N",
    "00000",
    "N",
    "00000",
    "N",
    "00000",
    "N",
  ],
  Array [
    "28",
    "079",
    "055",
    "08",
    "08",
    "02",
    "2020",
    "06",
    "24",
    "00005",
    "V",
    "00003",
    "V",
    "00005",
    "V",
    "00004",
    "V",
    "00011",
    "V",
    "00019",
    "V",
    "00053",
    "V",
    "00063",
    "V",
    "00060",
    "V",
    "00036",
    "V",
    "00020",
    "V",
    "00026",
    "V",
    "00035",
    "V",
    "00020",
    "V",
    "00017",
    "V",
    "00009",
    "V",
    "00006",
    "V",
    "00000",
    "N",
    "00000",
    "N",
    "00000",
    "N",
    "00000",
    "N",
    "00000",
    "N",
    "00000",
    "N",
    "00000",
    "N",
  ],
  Array [
    "28",
    "079",
    "055",
    "10",
    "47",
    "02",
    "2020",
    "06",
    "24",
    "00036",
    "V",
    "00043",
    "V",
    "00042",
    "V",
    "00029",
    "V",
    "00042",
    "V",
    "00050",
    "V",
    "00039",
    "V",
    "00038",
    "V",
    "00040",
    "V",
    "00046",
    "V",
    "00052",
    "V",
    "00062",
    "V",
    "00065",
    "V",
    "00054",
    "V",
    "00074",
    "V",
    "00057",
    "V",
    "00043",
    "V",
    "00000",
    "N",
    "00000",
    "N",
    "00000",
    "N",
    "00000",
    "N",
    "00000",
    "N",
    "00000",
    "N",
    "00000",
    "N",
  ],
  Array [
    "28",
    "079",
    "055",
    "12",
    "08",
    "02",
    "2020",
    "06",
    "24",
    "00006",
    "V",
    "00004",
    "V",
    "00007",
    "V",
    "00005",
    "V",
    "00013",
    "V",
    "00021",
    "V",
    "00057",
    "V",
    "00076",
    "V",
    "00078",
    "V",
    "00046",
    "V",
    "00024",
    "V",
    "00029",
    "V",
    "00041",
    "V",
    "00024",
    "V",
    "00022",
    "V",
    "00012",
    "V",
    "00008",
    "V",
    "00000",
    "N",
    "00000",
    "N",
    "00000",
    "N",
    "00000",
    "N",
    "00000",
    "N",
    "00000",
    "N",
    "00000",
    "N",
  ],
  Array [
    "28",
    "079",
    "055",
    "20",
    "59",
    "02",
    "2020",
    "06",
    "24",
    "000.8",
    "V",
    "000.6",
    "V",
    "000.5",
    "V",
    "000.7",
    "V",
    "000.8",
    "V",
    "000.5",
    "V",
    "000.5",
    "V",
    "000.5",
    "V",
    "000.6",
    "V",
    "001.1",
    "V",
    "001.0",
    "V",
    "001.1",
    "V",
    "001.4",
    "V",
    "001.5",
    "V",
    "001.3",
    "V",
    "000.7",
    "V",
    "000.5",
    "V",
    "00000",
    "N",
    "00000",
    "N",
    "00000",
    "N",
    "00000",
    "N",
    "00000",
    "N",
    "00000",
    "N",
    "00000",
    "N",
  ],
  Array [
    "28",
    "079",
    "055",
    "30",
    "59",
    "02",
    "2020",
    "06",
    "24",
    "000.1",
    "V",
    "000.1",
    "V",
    "000.1",
    "V",
    "000.1",
    "V",
    "000.1",
    "V",
    "000.1",
    "V",
    "000.1",
    "V",
    "000.1",
    "V",
    "000.2",
    "V",
    "000.2",
    "V",
    "000.2",
    "V",
    "000.2",
    "V",
    "000.2",
    "V",
    "000.2",
    "V",
    "000.1",
    "V",
    "000.1",
    "V",
    "000.1",
    "V",
    "00000",
    "N",
    "00000",
    "N",
    "00000",
    "N",
    "00000",
    "N",
    "00000",
    "N",
    "00000",
    "N",
    "00000",
    "N",
  ],
  Array [
    "28",
    "079",
    "055",
    "35",
    "59",
    "02",
    "2020",
    "06",
    "24",
    "000.1",
    "V",
    "000.1",
    "V",
    "000.1",
    "V",
    "000.1",
    "V",
    "000.1",
    "V",
    "000.1",
    "V",
    "000.1",
    "V",
    "000.1",
    "V",
    "000.1",
    "V",
    "000.2",
    "V",
    "000.2",
    "V",
    "000.3",
    "V",
    "000.3",
    "V",
    "000.2",
    "V",
    "000.2",
    "V",
    "000.1",
    "V",
    "000.1",
    "V",
    "00000",
    "N",
    "00000",
    "N",
    "00000",
    "N",
    "00000",
    "N",
    "00000",
    "N",
    "00000",
    "N",
    "00000",
    "N",
  ],
  Array [
    "28",
    "079",
    "055",
    "42",
    "02",
    "02",
    "2020",
    "06",
    "24",
    "01.12",
    "V",
    "01.12",
    "V",
    "01.13",
    "V",
    "01.15",
    "V",
    "01.14",
    "V",
    "01.17",
    "V",
    "01.29",
    "V",
    "01.24",
    "V",
    "01.26",
    "V",
    "01.22",
    "V",
    "01.15",
    "V",
    "01.17",
    "V",
    "01.14",
    "V",
    "01.14",
    "V",
    "01.13",
    "V",
    "01.10",
    "V",
    "01.10",
    "V",
    "00000",
    "N",
    "00000",
    "N",
    "00000",
    "N",
    "00000",
    "N",
    "00000",
    "N",
    "00000",
    "N",
    "00000",
    "N",
  ],
  Array [
    "28",
    "079",
    "055",
    "43",
    "02",
    "02",
    "2020",
    "06",
    "24",
    "00.92",
    "V",
    "00.91",
    "V",
    "00.93",
    "V",
    "00.93",
    "V",
    "00.94",
    "V",
    "00.96",
    "V",
    "01.05",
    "V",
    "01.00",
    "V",
    "01.02",
    "V",
    "00.99",
    "V",
    "00.94",
    "V",
    "00.95",
    "V",
    "00.94",
    "V",
    "00.94",
    "V",
    "00.95",
    "V",
    "00.93",
    "V",
    "00.92",
    "V",
    "00000",
    "N",
    "00000",
    "N",
    "00000",
    "N",
    "00000",
    "N",
    "00000",
    "N",
    "00000",
    "N",
    "00000",
    "N",
  ],
  Array [
    "28",
    "079",
    "055",
    "44",
    "02",
    "02",
    "2020",
    "06",
    "24",
    "00.21",
    "V",
    "00.20",
    "V",
    "00.21",
    "V",
    "00.22",
    "V",
    "00.20",
    "V",
    "00.21",
    "V",
    "00.24",
    "V",
    "00.24",
    "V",
    "00.24",
    "V",
    "00.23",
    "V",
    "00.21",
    "V",
    "00.22",
    "V",
    "00.20",
    "V",
    "00.20",
    "V",
    "00.18",
    "V",
    "00.17",
    "V",
    "00.19",
    "V",
    "00000",
    "N",
    "00000",
    "N",
    "00000",
    "N",
    "00000",
    "N",
    "00000",
    "N",
    "00000",
    "N",
    "00000",
    "N",
  ],
  Array [
    "28",
    "079",
    "057",
    "01",
    "38",
    "02",
    "2020",
    "06",
    "24",
    "00006",
    "V",
    "00006",
    "V",
    "00006",
    "V",
    "00006",
    "V",
    "00006",
    "V",
    "00006",
    "V",
    "00006",
    "V",
    "00006",
    "V",
    "00006",
    "V",
    "00006",
    "V",
    "00006",
    "V",
    "00006",
    "V",
    "00006",
    "V",
    "00006",
    "V",
    "00006",
    "V",
    "00006",
    "V",
    "00006",
    "V",
    "00000",
    "N",
    "00000",
    "N",
    "00000",
    "N",
    "00000",
    "N",
    "00000",
    "N",
    "00000",
    "N",
    "00000",
    "N",
  ],
  Array [
    "28",
    "079",
    "057",
    "06",
    "48",
    "02",
    "2020",
    "06",
    "24",
    "000.2",
    "V",
    "000.2",
    "V",
    "000.2",
    "V",
    "000.2",
    "V",
    "000.2",
    "V",
    "000.2",
    "V",
    "000.2",
    "V",
    "000.2",
    "V",
    "000.2",
    "V",
    "000.2",
    "V",
    "000.2",
    "V",
    "000.2",
    "V",
    "000.3",
    "V",
    "000.2",
    "V",
    "000.2",
    "V",
    "000.2",
    "V",
    "000.2",
    "V",
    "00000",
    "N",
    "00000",
    "N",
    "00000",
    "N",
    "00000",
    "N",
    "00000",
    "N",
    "00000",
    "N",
    "00000",
    "N",
  ],
  Array [
    "28",
    "079",
    "057",
    "07",
    "08",
    "02",
    "2020",
    "06",
    "24",
    "00001",
    "V",
    "00001",
    "V",
    "00001",
    "V",
    "00001",
    "V",
    "00001",
    "V",
    "00001",
    "V",
    "00001",
    "V",
    "00002",
    "V",
    "00005",
    "V",
    "00010",
    "V",
    "00004",
    "V",
    "00003",
    "V",
    "00006",
    "V",
    "00005",
    "V",
    "00004",
    "V",
    "00003",
    "V",
    "00003",
    "V",
    "00000",
    "N",
    "00000",
    "N",
    "00000",
    "N",
    "00000",
    "N",
    "00000",
    "N",
    "00000",
    "N",
    "00000",
    "N",
  ],
  Array [
    "28",
    "079",
    "057",
    "08",
    "08",
    "02",
    "2020",
    "06",
    "24",
    "00009",
    "V",
    "00004",
    "V",
    "00006",
    "V",
    "00006",
    "V",
    "00007",
    "V",
    "00006",
    "V",
    "00013",
    "V",
    "00027",
    "V",
    "00042",
    "V",
    "00041",
    "V",
    "00021",
    "V",
    "00030",
    "V",
    "00037",
    "V",
    "00030",
    "V",
    "00015",
    "V",
    "00008",
    "V",
    "00007",
    "V",
    "00000",
    "N",
    "00000",
    "N",
    "00000",
    "N",
    "00000",
    "N",
    "00000",
    "N",
    "00000",
    "N",
    "00000",
    "N",
  ],
  Array [
    "28",
    "079",
    "057",
    "09",
    "47",
    "02",
    "2020",
    "06",
    "24",
    "00011",
    "V",
    "00012",
    "V",
    "00010",
    "V",
    "00011",
    "V",
    "00012",
    "V",
    "00010",
    "V",
    "00009",
    "V",
    "00012",
    "V",
    "00009",
    "V",
    "00012",
    "V",
    "00013",
    "V",
    "00010",
    "V",
    "00008",
    "V",
    "00013",
    "V",
    "00016",
    "V",
    "00011",
    "V",
    "00005",
    "V",
    "00000",
    "N",
    "00000",
    "N",
    "00000",
    "N",
    "00000",
    "N",
    "00000",
    "N",
    "00000",
    "N",
    "00000",
    "N",
  ],
  Array [
    "28",
    "079",
    "057",
    "10",
    "47",
    "02",
    "2020",
    "06",
    "24",
    "00020",
    "V",
    "00024",
    "V",
    "00023",
    "V",
    "00020",
    "V",
    "00019",
    "V",
    "00017",
    "V",
    "00015",
    "V",
    "00019",
    "V",
    "00018",
    "V",
    "00022",
    "V",
    "00024",
    "V",
    "00022",
    "V",
    "00026",
    "V",
    "00034",
    "V",
    "00031",
    "V",
    "00021",
    "V",
    "00011",
    "V",
    "00000",
    "N",
    "00000",
    "N",
    "00000",
    "N",
    "00000",
    "N",
    "00000",
    "N",
    "00000",
    "N",
    "00000",
    "N",
  ],
  Array [
    "28",
    "079",
    "057",
    "12",
    "08",
    "02",
    "2020",
    "06",
    "24",
    "00011",
    "V",
    "00006",
    "V",
    "00007",
    "V",
    "00008",
    "V",
    "00008",
    "V",
    "00007",
    "V",
    "00015",
    "V",
    "00031",
    "V",
    "00050",
    "V",
    "00056",
    "V",
    "00027",
    "V",
    "00035",
    "V",
    "00046",
    "V",
    "00038",
    "V",
    "00020",
    "V",
    "00012",
    "V",
    "00011",
    "V",
    "00000",
    "N",
    "00000",
    "N",
    "00000",
    "N",
    "00000",
    "N",
    "00000",
    "N",
    "00000",
    "N",
    "00000",
    "N",
  ],
  Array [
    "28",
    "079",
    "058",
    "07",
    "08",
    "02",
    "2020",
    "06",
    "24",
    "00001",
    "V",
    "00001",
    "V",
    "00001",
    "V",
    "00001",
    "V",
    "00001",
    "V",
    "00001",
    "V",
    "00001",
    "V",
    "00006",
    "V",
    "00003",
    "V",
    "00002",
    "V",
    "00004",
    "V",
    "00004",
    "V",
    "00005",
    "V",
    "00003",
    "V",
    "00002",
    "V",
    "00001",
    "V",
    "00001",
    "V",
    "00000",
    "N",
    "00000",
    "N",
    "00000",
    "N",
    "00000",
    "N",
    "00000",
    "N",
    "00000",
    "N",
    "00000",
    "N",
  ],
  Array [
    "28",
    "079",
    "058",
    "08",
    "08",
    "02",
    "2020",
    "06",
    "24",
    "00016",
    "V",
    "00006",
    "V",
    "00005",
    "V",
    "00003",
    "V",
    "00004",
    "V",
    "00006",
    "V",
    "00020",
    "V",
    "00042",
    "V",
    "00021",
    "V",
    "00020",
    "V",
    "00028",
    "V",
    "00034",
    "V",
    "00026",
    "V",
    "00021",
    "V",
    "00012",
    "V",
    "00005",
    "V",
    "00004",
    "V",
    "00000",
    "N",
    "00000",
    "N",
    "00000",
    "N",
    "00000",
    "N",
    "00000",
    "N",
    "00000",
    "N",
    "00000",
    "N",
  ],
  Array [
    "28",
    "079",
    "058",
    "12",
    "08",
    "02",
    "2020",
    "06",
    "24",
    "00018",
    "V",
    "00007",
    "V",
    "00006",
    "V",
    "00005",
    "V",
    "00005",
    "V",
    "00007",
    "V",
    "00022",
    "V",
    "00050",
    "V",
    "00026",
    "V",
    "00023",
    "V",
    "00034",
    "V",
    "00040",
    "V",
    "00033",
    "V",
    "00025",
    "V",
    "00015",
    "V",
    "00007",
    "V",
    "00005",
    "V",
    "00000",
    "N",
    "00000",
    "N",
    "00000",
    "N",
    "00000",
    "N",
    "00000",
    "N",
    "00000",
    "N",
    "00000",
    "N",
  ],
  Array [
    "28",
    "079",
    "058",
    "14",
    "06",
    "02",
    "2020",
    "06",
    "24",
    "00078",
    "V",
    "00097",
    "V",
    "00085",
    "V",
    "00095",
    "V",
    "00083",
    "V",
    "00078",
    "V",
    "00059",
    "V",
    "00034",
    "V",
    "00054",
    "V",
    "00054",
    "V",
    "00066",
    "V",
    "00057",
    "V",
    "00071",
    "V",
    "00078",
    "V",
    "00091",
    "V",
    "00102",
    "V",
    "00104",
    "V",
    "00000",
    "N",
    "00000",
    "N",
    "00000",
    "N",
    "00000",
    "N",
    "00000",
    "N",
    "00000",
    "N",
    "00000",
    "N",
  ],
  Array [
    "28",
    "079",
    "059",
    "07",
    "08",
    "02",
    "2020",
    "06",
    "24",
    "00001",
    "V",
    "00001",
    "V",
    "00001",
    "V",
    "00001",
    "V",
    "00001",
    "V",
    "00001",
    "V",
    "00001",
    "V",
    "00001",
    "V",
    "00002",
    "V",
    "00003",
    "V",
    "00002",
    "V",
    "00002",
    "V",
    "00002",
    "V",
    "00002",
    "V",
    "00002",
    "V",
    "00001",
    "V",
    "00001",
    "V",
    "00000",
    "N",
    "00000",
    "N",
    "00000",
    "N",
    "00000",
    "N",
    "00000",
    "N",
    "00000",
    "N",
    "00000",
    "N",
  ],
  Array [
    "28",
    "079",
    "059",
    "08",
    "08",
    "02",
    "2020",
    "06",
    "24",
    "00006",
    "V",
    "00004",
    "V",
    "00006",
    "V",
    "00009",
    "V",
    "00009",
    "V",
    "00009",
    "V",
    "00011",
    "V",
    "00017",
    "V",
    "00027",
    "V",
    "00022",
    "V",
    "00016",
    "V",
    "00024",
    "V",
    "00027",
    "V",
    "00022",
    "V",
    "00011",
    "V",
    "00006",
    "V",
    "00004",
    "V",
    "00000",
    "N",
    "00000",
    "N",
    "00000",
    "N",
    "00000",
    "N",
    "00000",
    "N",
    "00000",
    "N",
    "00000",
    "N",
  ],
  Array [
    "28",
    "079",
    "059",
    "12",
    "08",
    "02",
    "2020",
    "06",
    "24",
    "00008",
    "V",
    "00006",
    "V",
    "00008",
    "V",
    "00010",
    "V",
    "00010",
    "V",
    "00011",
    "V",
    "00012",
    "V",
    "00019",
    "V",
    "00031",
    "V",
    "00026",
    "V",
    "00019",
    "V",
    "00026",
    "V",
    "00030",
    "V",
    "00025",
    "V",
    "00014",
    "V",
    "00007",
    "V",
    "00005",
    "V",
    "00000",
    "N",
    "00000",
    "N",
    "00000",
    "N",
    "00000",
    "N",
    "00000",
    "N",
    "00000",
    "N",
    "00000",
    "N",
  ],
  Array [
    "28",
    "079",
    "059",
    "14",
    "06",
    "02",
    "2020",
    "06",
    "24",
    "00086",
    "V",
    "00089",
    "V",
    "00081",
    "V",
    "00072",
    "V",
    "00065",
    "V",
    "00064",
    "V",
    "00066",
    "V",
    "00059",
    "V",
    "00048",
    "V",
    "00053",
    "V",
    "00066",
    "V",
    "00060",
    "V",
    "00054",
    "V",
    "00061",
    "V",
    "00073",
    "V",
    "00084",
    "V",
    "00089",
    "V",
    "00000",
    "N",
    "00000",
    "N",
    "00000",
    "N",
    "00000",
    "N",
    "00000",
    "N",
    "00000",
    "N",
    "00000",
    "N",
  ],
  Array [
    "28",
    "079",
    "060",
    "07",
    "08",
    "02",
    "2020",
    "06",
    "24",
    "00002",
    "V",
    "00003",
    "V",
    "00003",
    "V",
    "00003",
    "V",
    "00003",
    "V",
    "00002",
    "V",
    "00003",
    "V",
    "00005",
    "V",
    "00007",
    "V",
    "00017",
    "V",
    "00007",
    "V",
    "00007",
    "V",
    "00007",
    "V",
    "00008",
    "V",
    "00003",
    "V",
    "00004",
    "V",
    "00003",
    "V",
    "00000",
    "N",
    "00000",
    "N",
    "00000",
    "N",
    "00000",
    "N",
    "00000",
    "N",
    "00000",
    "N",
    "00000",
    "N",
  ],
  Array [
    "28",
    "079",
    "060",
    "08",
    "08",
    "02",
    "2020",
    "06",
    "24",
    "00011",
    "V",
    "00007",
    "V",
    "00008",
    "V",
    "00010",
    "V",
    "00010",
    "V",
    "00012",
    "V",
    "00017",
    "V",
    "00046",
    "V",
    "00058",
    "V",
    "00049",
    "V",
    "00037",
    "V",
    "00050",
    "V",
    "00052",
    "V",
    "00038",
    "V",
    "00019",
    "V",
    "00010",
    "V",
    "00009",
    "V",
    "00000",
    "N",
    "00000",
    "N",
    "00000",
    "N",
    "00000",
    "N",
    "00000",
    "N",
    "00000",
    "N",
    "00000",
    "N",
  ],
  Array [
    "28",
    "079",
    "060",
    "10",
    "47",
    "02",
    "2020",
    "06",
    "24",
    "00027",
    "V",
    "00030",
    "V",
    "00022",
    "V",
    "00016",
    "V",
    "00017",
    "V",
    "00011",
    "V",
    "00013",
    "V",
    "00022",
    "V",
    "00028",
    "V",
    "00022",
    "V",
    "00024",
    "V",
    "00054",
    "V",
    "00029",
    "V",
    "00031",
    "V",
    "00032",
    "V",
    "00010",
    "V",
    "00006",
    "V",
    "00000",
    "N",
    "00000",
    "N",
    "00000",
    "N",
    "00000",
    "N",
    "00000",
    "N",
    "00000",
    "N",
    "00000",
    "N",
  ],
  Array [
    "28",
    "079",
    "060",
    "12",
    "08",
    "02",
    "2020",
    "06",
    "24",
    "00014",
    "V",
    "00011",
    "V",
    "00012",
    "V",
    "00014",
    "V",
    "00014",
    "V",
    "00016",
    "V",
    "00021",
    "V",
    "00054",
    "V",
    "00069",
    "V",
    "00075",
    "V",
    "00048",
    "V",
    "00060",
    "V",
    "00063",
    "V",
    "00050",
    "V",
    "00024",
    "V",
    "00017",
    "V",
    "00014",
    "V",
    "00000",
    "N",
    "00000",
    "N",
    "00000",
    "N",
    "00000",
    "N",
    "00000",
    "N",
    "00000",
    "N",
    "00000",
    "N",
  ],
  Array [
    "28",
    "079",
    "060",
    "14",
    "06",
    "02",
    "2020",
    "06",
    "24",
    "00101",
    "V",
    "00102",
    "V",
    "00095",
    "V",
    "00087",
    "V",
    "00083",
    "V",
    "00077",
    "V",
    "00073",
    "V",
    "00046",
    "V",
    "00040",
    "V",
    "00051",
    "V",
    "00063",
    "V",
    "00053",
    "V",
    "00052",
    "V",
    "00066",
    "V",
    "00084",
    "V",
    "00096",
    "V",
    "00099",
    "V",
    "00000",
    "N",
    "00000",
    "N",
    "00000",
    "N",
    "00000",
    "N",
    "00000",
    "N",
    "00000",
    "N",
    "00000",
    "N",
  ],
]
`;
